Component: ARM Compiler 5.06 update 5 (build 528) Tool: armlink [4d35e2]

==============================================================================

Section Cross References

    main.o(i.main) refers to glcd.o(i.initGLCD) for initGLCD
    main.o(i.main) refers to gpio.o(i.initGPIO) for initGPIO
    main.o(i.main) refers to timers.o(i.initTIMERS) for initTIMERS
    main.o(i.main) refers to random.o(i.initRandom) for initRandom
    main.o(i.main) refers to menu.o(i.displayMenu) for displayMenu
    main.o(i.main) refers to menu.o(i.refreshMenu) for refreshMenu
    main.o(i.main) refers to random.o(i.setRandom) for setRandom
    main.o(i.main) refers to game.o(i.setupLevel) for setupLevel
    main.o(i.main) refers to game.o(i.startLevel) for startLevel
    main.o(i.main) refers to game.o(i.stopLevel) for stopLevel
    main.o(i.main) refers to menu.o(i.displayGameLosed) for displayGameLosed
    main.o(i.main) refers to menu.o(i.displayGameWon) for displayGameWon
    main.o(i.main) refers to main.o(.data) for gameWon
    menu.o(i.displayGameLosed) refers to glcd.o(i.clearScreenGLCD) for clearScreenGLCD
    menu.o(i.displayGameLosed) refers to menu.o(i.displayLogo) for displayLogo
    menu.o(i.displayGameLosed) refers to glcd_mcbstm32e.o(i.GLCD_SetForegroundColor) for GLCD_SetForegroundColor
    menu.o(i.displayGameLosed) refers to glcd_mcbstm32e.o(i.GLCD_DrawString) for GLCD_DrawString
    menu.o(i.displayGameLosed) refers to printf1.o(i.__0sprintf$1) for __2sprintf
    menu.o(i.displayGameLosed) refers to gpio.o(i.userButtonPressed) for userButtonPressed
    menu.o(i.displayGameLosed) refers to main.o(.data) for score
    menu.o(i.displayGameWon) refers to menu.o(i.displayLogo) for displayLogo
    menu.o(i.displayGameWon) refers to glcd_mcbstm32e.o(i.GLCD_SetForegroundColor) for GLCD_SetForegroundColor
    menu.o(i.displayGameWon) refers to glcd_mcbstm32e.o(i.GLCD_DrawString) for GLCD_DrawString
    menu.o(i.displayGameWon) refers to gpio.o(i.userButtonPressed) for userButtonPressed
    menu.o(i.displayLogo) refers to glcd_mcbstm32e.o(i.GLCD_SetBackgroundColor) for GLCD_SetBackgroundColor
    menu.o(i.displayLogo) refers to glcd_mcbstm32e.o(i.GLCD_SetForegroundColor) for GLCD_SetForegroundColor
    menu.o(i.displayLogo) refers to glcd_mcbstm32e.o(i.GLCD_SetFont) for GLCD_SetFont
    menu.o(i.displayLogo) refers to glcd_mcbstm32e.o(i.GLCD_DrawString) for GLCD_DrawString
    menu.o(i.displayLogo) refers to glcd_mcbstm32e.o(i.GLCD_DrawBitmap) for GLCD_DrawBitmap
    menu.o(i.displayLogo) refers to glcd_fonts.o(.constdata) for GLCD_Font_16x24
    menu.o(i.displayLogo) refers to imagesbmp.o(.constdata) for bmpEnnemi1
    menu.o(i.displayMenu) refers to glcd.o(i.clearScreenGLCD) for clearScreenGLCD
    menu.o(i.displayMenu) refers to menu.o(i.displayLogo) for displayLogo
    menu.o(i.displayMenu) refers to glcd_mcbstm32e.o(i.GLCD_SetForegroundColor) for GLCD_SetForegroundColor
    menu.o(i.displayMenu) refers to glcd_mcbstm32e.o(i.GLCD_DrawString) for GLCD_DrawString
    menu.o(i.refreshMenu) refers to gpio.o(i.joytickUpPressed) for joytickUpPressed
    menu.o(i.refreshMenu) refers to menu.o(i.displayMenu) for displayMenu
    menu.o(i.refreshMenu) refers to gpio.o(i.joytickDownPressed) for joytickDownPressed
    menu.o(i.refreshMenu) refers to gpio.o(i.joytickSelectPressed) for joytickSelectPressed
    menu.o(i.refreshMenu) refers to menu.o(.data) for menuSelected
    game.o(i.displayLevelName) refers to glcd_mcbstm32e.o(i.GLCD_SetBackgroundColor) for GLCD_SetBackgroundColor
    game.o(i.displayLevelName) refers to glcd_mcbstm32e.o(i.GLCD_SetForegroundColor) for GLCD_SetForegroundColor
    game.o(i.displayLevelName) refers to glcd_mcbstm32e.o(i.GLCD_SetFont) for GLCD_SetFont
    game.o(i.displayLevelName) refers to printf1.o(i.__0sprintf$1) for __2sprintf
    game.o(i.displayLevelName) refers to glcd_mcbstm32e.o(i.GLCD_DrawString) for GLCD_DrawString
    game.o(i.displayLevelName) refers to glcd_fonts.o(.constdata) for GLCD_Font_6x8
    game.o(i.displayLevelName) refers to main.o(.data) for level
    game.o(i.displayScore) refers to glcd_mcbstm32e.o(i.GLCD_SetBackgroundColor) for GLCD_SetBackgroundColor
    game.o(i.displayScore) refers to glcd_mcbstm32e.o(i.GLCD_SetForegroundColor) for GLCD_SetForegroundColor
    game.o(i.displayScore) refers to glcd_mcbstm32e.o(i.GLCD_SetFont) for GLCD_SetFont
    game.o(i.displayScore) refers to printf1.o(i.__0sprintf$1) for __2sprintf
    game.o(i.displayScore) refers to glcd_mcbstm32e.o(i.GLCD_DrawString) for GLCD_DrawString
    game.o(i.displayScore) refers to glcd_fonts.o(.constdata) for GLCD_Font_16x24
    game.o(i.displayScore) refers to main.o(.data) for score
    game.o(i.setupLevel) refers to random.o(i.getRandom) for getRandom
    game.o(i.setupLevel) refers to timers.o(i.setSpeedTimer8) for setSpeedTimer8
    game.o(i.setupLevel) refers to game.o(.data) for xSpaceShip
[...]
    game.o(i.startLevel) refers to gpio.o(i.startInterruptBP_USER) for startInterruptBP_USER
    game.o(i.stopLevel) refers to timers.o(i.stopTimer1) for stopTimer1
    game.o(i.stopLevel) refers to timers.o(i.stopTimer2) for stopTimer2
    game.o(i.stopLevel) refers to timers.o(i.stopTimer8) for stopTimer8
    game.o(i.stopLevel) refers to gpio.o(i.stopInterruptBP_USER) for stopInterruptBP_USER
    game.o(i.updateEnnemis) refers to glcd.o(i.clearZone) for clearZone
    game.o(i.updateEnnemis) refers to game.o(i.displayScore) for displayScore
    game.o(i.updateEnnemis) refers to glcd_mcbstm32e.o(i.GLCD_DrawBitmap) for GLCD_DrawBitmap
    game.o(i.updateEnnemis) refers to game.o(.bss) for ennemis
    game.o(i.updateEnnemis) refers to game.o(.data) for rocketShooted
    game.o(i.updateEnnemis) refers to main.o(.data) for score
    game.o(i.updateEnnemis) refers to imagesbmp.o(.constdata) for bmpEnnemi1
    game.o(i.updateRocket) refers to glcd.o(i.clearZone) for clearZone
    game.o(i.updateRocket) refers to glcd_mcbstm32e.o(i.GLCD_SetForegroundColor) for GLCD_SetForegroundColor
    game.o(i.updateRocket) refers to glcd_mcbstm32e.o(i.GLCD_DrawBargraph) for GLCD_DrawBargraph
    game.o(i.updateRocket) refers to game.o(i.displayLevelName) for displayLevelName
    game.o(i.updateRocket) refers to game.o(i.displayScore) for displayScore
    game.o(i.updateRocket) refers to game.o(.data) for rocketShooted
    game.o(i.updateSpaceShip) refers to gpio.o(i.joytickLeftPressed) for joytickLeftPressed
    game.o(i.updateSpaceShip) refers to glcd.o(i.clearZone) for clearZone
    game.o(i.updateSpaceShip) refers to gpio.o(i.joytickRightPressed) for joytickRightPressed
    game.o(i.updateSpaceShip) refers to glcd_mcbstm32e.o(i.GLCD_DrawBitmap) for GLCD_DrawBitmap
    game.o(i.updateSpaceShip) refers to game.o(.data) for xSpaceShip
    game.o(i.updateSpaceShip) refers to imagesbmp.o(.constdata) for bmpSpaceShip
    random.o(i.getRandom) refers to rand.o(.text) for rand
    random.o(i.initRandom) refers to timers.o(i.initTimer3) for initTimer3
    random.o(i.setRandom) refers to timers.o(i.getTimer3Value) for getTimer3Value
    random.o(i.setRandom) refers to rand.o(.text) for srand
    gpio.o(i.EXTI9_5_IRQHandler) refers to game.o(i.shoot) for shoot
    timers.o(i.TIM1_UP_TIM10_IRQHandler) refers to game.o(i.updateSpaceShip) for updateSpaceShip
    timers.o(i.TIM2_IRQHandler) refers to game.o(i.updateRocket) for updateRocket
    timers.o(i.TIM8_UP_TIM13_IRQHandler) refers to game.o(i.updateEnnemis) for updateEnnemis
    timers.o(i.configTimer1) refers to timers.o(i.stopTimer1) for stopTimer1
    timers.o(i.configTimer2) refers to timers.o(i.stopTimer2) for stopTimer2
    timers.o(i.configTimer8) refers to timers.o(i.setSpeedTimer8) for setSpeedTimer8
    timers.o(i.configTimer8) refers to timers.o(i.stopTimer8) for stopTimer8
    timers.o(i.initTIMERS) refers to timers.o(i.configTimer1) for configTimer1
    timers.o(i.initTIMERS) refers to timers.o(i.configTimer2) for configTimer2
    timers.o(i.initTIMERS) refers to timers.o(i.configTimer8) for configTimer8
    glcd.o(i.clearScreenGLCD) refers to glcd_mcbstm32e.o(i.GLCD_SetBackgroundColor) for GLCD_SetBackgroundColor
    glcd.o(i.clearScreenGLCD) refers to glcd_mcbstm32e.o(i.GLCD_ClearScreen) for GLCD_ClearScreen
    glcd.o(i.clearZone) refers to glcd_mcbstm32e.o(i.GLCD_SetForegroundColor) for GLCD_SetForegroundColor
    glcd.o(i.clearZone) refers to glcd_mcbstm32e.o(i.GLCD_DrawBargraph) for GLCD_DrawBargraph
    glcd.o(i.initGLCD) refers to glcd_mcbstm32e.o(i.GLCD_Initialize) for GLCD_Initialize
    glcd.o(i.initGLCD) refers to glcd.o(i.clearScreenGLCD) for clearScreenGLCD
    glcd_mcbstm32e.o(i.GLCD_ClearScreen) refers to glcd_mcbstm32e.o(i.GLCD_SetWindow) for GLCD_SetWindow
    glcd_mcbstm32e.o(i.GLCD_ClearScreen) refers to glcd_mcbstm32e.o(i.wr_cmd) for wr_cmd
    glcd_mcbstm32e.o(i.GLCD_ClearScreen) refers to glcd_mcbstm32e.o(i.wr_dat_only) for wr_dat_only
    glcd_mcbstm32e.o(i.GLCD_ClearScreen) refers to glcd_mcbstm32e.o(.data) for background_color
    glcd_mcbstm32e.o(i.GLCD_DrawBargraph) refers to glcd_mcbstm32e.o(i.GLCD_SetWindow) for GLCD_SetWindow
    glcd_mcbstm32e.o(i.GLCD_DrawBargraph) refers to glcd_mcbstm32e.o(i.wr_cmd) for wr_cmd
    glcd_mcbstm32e.o(i.GLCD_DrawBargraph) refers to glcd_mcbstm32e.o(i.wr_dat_only) for wr_dat_only
    glcd_mcbstm32e.o(i.GLCD_DrawBargraph) refers to glcd_mcbstm32e.o(.data) for background_color
    glcd_mcbstm32e.o(i.GLCD_DrawBitmap) refers to glcd_mcbstm32e.o(i.GLCD_SetWindow) for GLCD_SetWindow
    glcd_mcbstm32e.o(i.GLCD_DrawBitmap) refers to glcd_mcbstm32e.o(i.wr_cmd) for wr_cmd
    glcd_mcbstm32e.o(i.GLCD_DrawBitmap) refers to glcd_mcbstm32e.o(i.wr_dat_only) for wr_dat_only
    glcd_mcbstm32e.o(i.GLCD_DrawChar) refers to glcd_mcbstm32e.o(i.GLCD_SetWindow) for GLCD_SetWindow
    glcd_mcbstm32e.o(i.GLCD_DrawChar) refers to glcd_mcbstm32e.o(i.wr_cmd) for wr_cmd
    glcd_mcbstm32e.o(i.GLCD_DrawChar) refers to glcd_mcbstm32e.o(i.wr_dat_only) for wr_dat_only
    glcd_mcbstm32e.o(i.GLCD_DrawChar) refers to glcd_mcbstm32e.o(.data) for active_font
    glcd_mcbstm32e.o(i.GLCD_DrawHLine) refers to glcd_mcbstm32e.o(i.GLCD_SetWindow) for GLCD_SetWindow
    glcd_mcbstm32e.o(i.GLCD_DrawHLine) refers to glcd_mcbstm32e.o(i.wr_cmd) for wr_cmd
    glcd_mcbstm32e.o(i.GLCD_DrawHLine) refers to glcd_mcbstm32e.o(i.wr_dat_only) for wr_dat_only
    glcd_mcbstm32e.o(i.GLCD_DrawHLine) refers to glcd_mcbstm32e.o(.data) for foreground_color
    glcd_mcbstm32e.o(i.GLCD_DrawPixel) refers to glcd_mcbstm32e.o(i.wr_reg) for wr_reg
    glcd_mcbstm32e.o(i.GLCD_DrawPixel) refers to glcd_mcbstm32e.o(i.wr_cmd) for wr_cmd
    glcd_mcbstm32e.o(i.GLCD_DrawPixel) refers to glcd_mcbstm32e.o(i.wr_dat) for wr_dat
    glcd_mcbstm32e.o(i.GLCD_DrawPixel) refers to glcd_mcbstm32e.o(.data) for Himax
    glcd_mcbstm32e.o(i.GLCD_DrawRectangle) refers to glcd_mcbstm32e.o(i.GLCD_DrawHLine) for GLCD_DrawHLine
    glcd_mcbstm32e.o(i.GLCD_DrawRectangle) refers to glcd_mcbstm32e.o(i.GLCD_DrawVLine) for GLCD_DrawVLine
    glcd_mcbstm32e.o(i.GLCD_DrawString) refers to glcd_mcbstm32e.o(i.GLCD_DrawChar) for GLCD_DrawChar
    glcd_mcbstm32e.o(i.GLCD_DrawString) refers to glcd_mcbstm32e.o(.data) for active_font
    glcd_mcbstm32e.o(i.GLCD_DrawVLine) refers to glcd_mcbstm32e.o(i.GLCD_SetWindow) for GLCD_SetWindow
    glcd_mcbstm32e.o(i.GLCD_DrawVLine) refers to glcd_mcbstm32e.o(i.wr_cmd) for wr_cmd
    glcd_mcbstm32e.o(i.GLCD_DrawVLine) refers to glcd_mcbstm32e.o(i.wr_dat_only) for wr_dat_only
    glcd_mcbstm32e.o(i.GLCD_DrawVLine) refers to glcd_mcbstm32e.o(.data) for foreground_color
    glcd_mcbstm32e.o(i.GLCD_FrameBufferAccess) refers to glcd_mcbstm32e.o(i.GLCD_SetWindow) for GLCD_SetWindow
    glcd_mcbstm32e.o(i.GLCD_FrameBufferAccess) refers to glcd_mcbstm32e.o(i.wr_reg) for wr_reg
    glcd_mcbstm32e.o(i.GLCD_FrameBufferAccess) refers to glcd_mcbstm32e.o(i.wr_cmd) for wr_cmd
    glcd_mcbstm32e.o(i.GLCD_Initialize) refers to glcd_mcbstm32e.o(i.delay_ms) for delay_ms
    glcd_mcbstm32e.o(i.GLCD_Initialize) refers to glcd_mcbstm32e.o(i.wr_cmd) for wr_cmd
    glcd_mcbstm32e.o(i.GLCD_Initialize) refers to glcd_mcbstm32e.o(i.rd_dat) for rd_dat
    glcd_mcbstm32e.o(i.GLCD_Initialize) refers to glcd_mcbstm32e.o(i.wr_reg) for wr_reg
    glcd_mcbstm32e.o(i.GLCD_Initialize) refers to glcd_mcbstm32e.o(.data) for Himax
    glcd_mcbstm32e.o(i.GLCD_ReadPixel) refers to glcd_mcbstm32e.o(i.wr_reg) for wr_reg
    glcd_mcbstm32e.o(i.GLCD_ReadPixel) refers to glcd_mcbstm32e.o(i.wr_cmd) for wr_cmd
    glcd_mcbstm32e.o(i.GLCD_ReadPixel) refers to glcd_mcbstm32e.o(i.rd_dat) for rd_dat
    glcd_mcbstm32e.o(i.GLCD_ReadPixel) refers to glcd_mcbstm32e.o(.data) for Himax
    glcd_mcbstm32e.o(i.GLCD_SetBackgroundColor) refers to glcd_mcbstm32e.o(.data) for background_color
    glcd_mcbstm32e.o(i.GLCD_SetFont) refers to glcd_mcbstm32e.o(.data) for active_font
    glcd_mcbstm32e.o(i.GLCD_SetForegroundColor) refers to glcd_mcbstm32e.o(.data) for foreground_color
    glcd_mcbstm32e.o(i.GLCD_SetWindow) refers to glcd_mcbstm32e.o(i.wr_reg) for wr_reg
    glcd_mcbstm32e.o(i.GLCD_SetWindow) refers to glcd_mcbstm32e.o(.data) for Himax
    glcd_mcbstm32e.o(i.delay_ms) refers to system_stm32f10x.o(.data) for SystemCoreClock
    glcd_mcbstm32e.o(i.wr_reg) refers to glcd_mcbstm32e.o(i.wr_cmd) for wr_cmd
    glcd_mcbstm32e.o(i.wr_reg) refers to glcd_mcbstm32e.o(i.wr_dat) for wr_dat
    stm32f10x_gpio.o(i.GPIO_AFIODeInit) refers to stm32f10x_rcc.o(i.RCC_APB2PeriphResetCmd) for RCC_APB2PeriphResetCmd
    stm32f10x_gpio.o(i.GPIO_DeInit) refers to stm32f10x_rcc.o(i.RCC_APB2PeriphResetCmd) for RCC_APB2PeriphResetCmd
    stm32f10x_rcc.o(i.RCC_GetClocksFreq) refers to stm32f10x_rcc.o(.data) for APBAHBPrescTable
    stm32f10x_rcc.o(i.RCC_WaitForHSEStartUp) refers to stm32f10x_rcc.o(i.RCC_GetFlagStatus) for RCC_GetFlagStatus
    startup_stm32f10x_xl.o(RESET) refers to startup_stm32f10x_xl.o(STACK) for __initial_sp
    startup_stm32f10x_xl.o(RESET) refers to startup_stm32f10x_xl.o(.text) for Reset_Handler
    startup_stm32f10x_xl.o(RESET) refers to gpio.o(i.EXTI9_5_IRQHandler) for EXTI9_5_IRQHandler
    startup_stm32f10x_xl.o(RESET) refers to timers.o(i.TIM1_UP_TIM10_IRQHandler) for TIM1_UP_TIM10_IRQHandler
    startup_stm32f10x_xl.o(RESET) refers to timers.o(i.TIM2_IRQHandler) for TIM2_IRQHandler
    startup_stm32f10x_xl.o(RESET) refers to timers.o(i.TIM8_UP_TIM13_IRQHandler) for TIM8_UP_TIM13_IRQHandler
    startup_stm32f10x_xl.o(.text) refers to system_stm32f10x.o(i.SystemInit) for SystemInit
    startup_stm32f10x_xl.o(.text) refers to entry.o(.ARM.Collect$$$$00000000) for __main
    system_stm32f10x.o(i.SetSysClock) refers to system_stm32f10x.o(i.SetSysClockTo72) for SetSysClockTo72
    system_stm32f10x.o(i.SystemCoreClockUpdate) refers to system_stm32f10x.o(.data) for SystemCoreClock
    system_stm32f10x.o(i.SystemInit) refers to system_stm32f10x.o(i.SetSysClock) for SetSysClock
    entry.o(.ARM.Collect$$$$00000000) refers (Special) to entry10a.o(.ARM.Collect$$$$0000000D) for __rt_final_cpp
    entry.o(.ARM.Collect$$$$00000000) refers (Special) to entry11a.o(.ARM.Collect$$$$0000000F) for __rt_final_exit
    entry.o(.ARM.Collect$$$$00000000) refers (Special) to entry7b.o(.ARM.Collect$$$$00000008) for _main_clock
    entry.o(.ARM.Collect$$$$00000000) refers (Special) to entry8b.o(.ARM.Collect$$$$0000000A) for _main_cpp_init
    entry.o(.ARM.Collect$$$$00000000) refers (Special) to entry9a.o(.ARM.Collect$$$$0000000B) for _main_init
    entry.o(.ARM.Collect$$$$00000000) refers (Special) to entry5.o(.ARM.Collect$$$$00000004) for _main_scatterload
    entry.o(.ARM.Collect$$$$00000000) refers (Special) to entry2.o(.ARM.Collect$$$$00000001) for _main_stk
    rand.o(.text) refers to rand.o(.data) for .data
    printfb.o(i.__0fprintf$bare) refers to printfb.o(i._printf_core) for _printf_core
    printfb.o(i.__0fprintf$bare) refers to fputc.o(i.fputc) for fputc
    printfb.o(i.__0printf$bare) refers to printfb.o(i._printf_core) for _printf_core
    printfb.o(i.__0printf$bare) refers to fputc.o(i.fputc) for fputc
    printfb.o(i.__0printf$bare) refers to stdout.o(.data) for __stdout
    printfb.o(i.__0snprintf$bare) refers to printfb.o(i._printf_core) for _printf_core
    printfb.o(i.__0snprintf$bare) refers to printfb.o(i._snputc) for _snputc
    printfb.o(i.__0sprintf$bare) refers to printfb.o(i._printf_core) for _printf_core
    printfb.o(i.__0sprintf$bare) refers to printfb.o(i._sputc) for _sputc
    printfb.o(i.__0vfprintf$bare) refers to printfb.o(i._printf_core) for _printf_core
    printfb.o(i.__0vfprintf$bare) refers to fputc.o(i.fputc) for fputc
    printfb.o(i.__0vprintf$bare) refers to printfb.o(i._printf_core) for _printf_core
    printfb.o(i.__0vprintf$bare) refers to fputc.o(i.fputc) for fputc
    printfb.o(i.__0vprintf$bare) refers to stdout.o(.data) for __stdout
    printfb.o(i.__0vsnprintf$bare) refers to printfb.o(i._printf_core) for _printf_core
    printfb.o(i.__0vsnprintf$bare) refers to printfb.o(i._snputc) for _snputc
    printfb.o(i.__0vsprintf$bare) refers to printfb.o(i._printf_core) for _printf_core
    printfb.o(i.__0vsprintf$bare) refers to printfb.o(i._sputc) for _sputc
    printf0.o(i.__0fprintf$0) refers to printf0.o(i._printf_core) for _printf_core
    printf0.o(i.__0fprintf$0) refers to fputc.o(i.fputc) for fputc
    printf0.o(i.__0printf$0) refers to printf0.o(i._printf_core) for _printf_core
    printf0.o(i.__0printf$0) refers to fputc.o(i.fputc) for fputc
    printf0.o(i.__0printf$0) refers to stdout.o(.data) for __stdout
    printf0.o(i.__0snprintf$0) refers to printf0.o(i._printf_core) for _printf_core
    printf0.o(i.__0snprintf$0) refers to printf0.o(i._snputc) for _snputc
    printf0.o(i.__0sprintf$0) refers to printf0.o(i._printf_core) for _printf_core
    printf0.o(i.__0sprintf$0) refers to printf0.o(i._sputc) for _sputc
    printf0.o(i.__0vfprintf$0) refers to printf0.o(i._printf_core) for _printf_core
    printf0.o(i.__0vfprintf$0) refers to fputc.o(i.fputc) for fputc
    printf0.o(i.__0vprintf$0) refers to printf0.o(i._printf_core) for _printf_core
    printf0.o(i.__0vprintf$0) refers to fputc.o(i.fputc) for fputc
    printf0.o(i.__0vprintf$0) refers to stdout.o(.data) for __stdout
    printf0.o(i.__0vsnprintf$0) refers to printf0.o(i._printf_core) for _printf_core
    printf0.o(i.__0vsnprintf$0) refers to printf0.o(i._snputc) for _snputc
    printf0.o(i.__0vsprintf$0) refers to printf0.o(i._printf_core) for _printf_core
    printf0.o(i.__0vsprintf$0) refers to printf0.o(i._sputc) for _sputc
    printf1.o(i.__0fprintf$1) refers to printf1.o(i._printf_core) for _printf_core
    printf1.o(i.__0fprintf$1) refers to fputc.o(i.fputc) for fputc
    printf1.o(i.__0printf$1) refers to printf1.o(i._printf_core) for _printf_core
    printf1.o(i.__0printf$1) refers to fputc.o(i.fputc) for fputc
    printf1.o(i.__0printf$1) refers to stdout.o(.data) for __stdout
    printf1.o(i.__0snprintf$1) refers to printf1.o(i._printf_core) for _printf_core
    printf1.o(i.__0snprintf$1) refers to printf1.o(i._snputc) for _snputc
    printf1.o(i.__0sprintf$1) refers to printf1.o(i._printf_core) for _printf_core
    printf1.o(i.__0sprintf$1) refers to printf1.o(i._sputc) for _sputc
    printf1.o(i.__0vfprintf$1) refers to printf1.o(i._printf_core) for _printf_core
    printf1.o(i.__0vfprintf$1) refers to fputc.o(i.fputc) for fputc
    printf1.o(i.__0vprintf$1) refers to printf1.o(i._printf_core) for _printf_core
    printf1.o(i.__0vprintf$1) refers to fputc.o(i.fputc) for fputc
    printf1.o(i.__0vprintf$1) refers to stdout.o(.data) for __stdout
    printf1.o(i.__0vsnprintf$1) refers to printf1.o(i._printf_core) for _printf_core
    printf1.o(i.__0vsnprintf$1) refers to printf1.o(i._snputc) for _snputc
    printf1.o(i.__0vsprintf$1) refers to printf1.o(i._printf_core) for _printf_core
    printf1.o(i.__0vsprintf$1) refers to printf1.o(i._sputc) for _sputc
    printf1.o(i._printf_core) refers to uidiv.o(.text) for __aeabi_uidivmod
    printf2.o(i.__0fprintf$2) refers to printf2.o(i._printf_core) for _printf_core
    printf2.o(i.__0fprintf$2) refers to fputc.o(i.fputc) for fputc
    printf2.o(i.__0printf$2) refers to printf2.o(i._printf_core) for _printf_core
    printf2.o(i.__0printf$2) refers to fputc.o(i.fputc) for fputc
    printf2.o(i.__0printf$2) refers to stdout.o(.data) for __stdout
    printf2.o(i.__0snprintf$2) refers to printf2.o(i._printf_core) for _printf_core
    printf2.o(i.__0snprintf$2) refers to printf2.o(i._snputc) for _snputc
    printf2.o(i.__0sprintf$2) refers to printf2.o(i._printf_core) for _printf_core
    printf2.o(i.__0sprintf$2) refers to printf2.o(i._sputc) for _sputc
    printf2.o(i.__0vfprintf$2) refers to printf2.o(i._printf_core) for _printf_core
    printf2.o(i.__0vfprintf$2) refers to fputc.o(i.fputc) for fputc
    printf2.o(i.__0vprintf$2) refers to printf2.o(i._printf_core) for _printf_core
    printf2.o(i.__0vprintf$2) refers to fputc.o(i.fputc) for fputc
    printf2.o(i.__0vprintf$2) refers to stdout.o(.data) for __stdout
    printf2.o(i.__0vsnprintf$2) refers to printf2.o(i._printf_core) for _printf_core
    printf2.o(i.__0vsnprintf$2) refers to printf2.o(i._snputc) for _snputc
    printf2.o(i.__0vsprintf$2) refers to printf2.o(i._printf_core) for _printf_core
    printf2.o(i.__0vsprintf$2) refers to printf2.o(i._sputc) for _sputc
    printf3.o(i.__0fprintf$3) refers to printf3.o(i._printf_core) for _printf_core
    printf3.o(i.__0fprintf$3) refers to fputc.o(i.fputc) for fputc
    printf3.o(i.__0printf$3) refers to printf3.o(i._printf_core) for _printf_core
    printf3.o(i.__0printf$3) refers to fputc.o(i.fputc) for fputc
    printf3.o(i.__0printf$3) refers to stdout.o(.data) for __stdout
    printf3.o(i.__0snprintf$3) refers to printf3.o(i._printf_core) for _printf_core
    printf3.o(i.__0snprintf$3) refers to printf3.o(i._snputc) for _snputc
    printf3.o(i.__0sprintf$3) refers to printf3.o(i._printf_core) for _printf_core
    printf3.o(i.__0sprintf$3) refers to printf3.o(i._sputc) for _sputc
    printf3.o(i.__0vfprintf$3) refers to printf3.o(i._printf_core) for _printf_core
    printf3.o(i.__0vfprintf$3) refers to fputc.o(i.fputc) for fputc
    printf3.o(i.__0vprintf$3) refers to printf3.o(i._printf_core) for _printf_core
    printf3.o(i.__0vprintf$3) refers to fputc.o(i.fputc) for fputc
    printf3.o(i.__0vprintf$3) refers to stdout.o(.data) for __stdout
    printf3.o(i.__0vsnprintf$3) refers to printf3.o(i._printf_core) for _printf_core
    printf3.o(i.__0vsnprintf$3) refers to printf3.o(i._snputc) for _snputc
    printf3.o(i.__0vsprintf$3) refers to printf3.o(i._printf_core) for _printf_core
    printf3.o(i.__0vsprintf$3) refers to printf3.o(i._sputc) for _sputc
    printf3.o(i._printf_core) refers to uidiv.o(.text) for __aeabi_uidivmod
    printf4.o(i.__0fprintf$4) refers to printf4.o(i._printf_core) for _printf_core
    printf4.o(i.__0fprintf$4) refers to fputc.o(i.fputc) for fputc
    printf4.o(i.__0printf$4) refers to printf4.o(i._printf_core) for _printf_core
    printf4.o(i.__0printf$4) refers to fputc.o(i.fputc) for fputc
    printf4.o(i.__0printf$4) refers to stdout.o(.data) for __stdout
    printf4.o(i.__0snprintf$4) refers to printf4.o(i._printf_core) for _printf_core
    printf4.o(i.__0snprintf$4) refers to printf4.o(i._snputc) for _snputc
    printf4.o(i.__0sprintf$4) refers to printf4.o(i._printf_core) for _printf_core
    printf4.o(i.__0sprintf$4) refers to printf4.o(i._sputc) for _sputc
    printf4.o(i.__0vfprintf$4) refers to printf4.o(i._printf_core) for _printf_core
    printf4.o(i.__0vfprintf$4) refers to fputc.o(i.fputc) for fputc
    printf4.o(i.__0vprintf$4) refers to printf4.o(i._printf_core) for _printf_core
    printf4.o(i.__0vprintf$4) refers to fputc.o(i.fputc) for fputc
    printf4.o(i.__0vprintf$4) refers to stdout.o(.data) for __stdout
    printf4.o(i.__0vsnprintf$4) refers to printf4.o(i._printf_core) for _printf_core
    printf4.o(i.__0vsnprintf$4) refers to printf4.o(i._snputc) for _snputc
    printf4.o(i.__0vsprintf$4) refers to printf4.o(i._printf_core) for _printf_core
    printf4.o(i.__0vsprintf$4) refers to printf4.o(i._sputc) for _sputc
    printf4.o(i._printf_core) refers to uldiv.o(.text) for __aeabi_uldivmod
    printf5.o(i.__0fprintf$5) refers to printf5.o(i._printf_core) for _printf_core
    printf5.o(i.__0fprintf$5) refers to fputc.o(i.fputc) for fputc
    printf5.o(i.__0printf$5) refers to printf5.o(i._printf_core) for _printf_core
    printf5.o(i.__0printf$5) refers to fputc.o(i.fputc) for fputc
    printf5.o(i.__0printf$5) refers to stdout.o(.data) for __stdout
    printf5.o(i.__0snprintf$5) refers to printf5.o(i._printf_core) for _printf_core
    printf5.o(i.__0snprintf$5) refers to printf5.o(i._snputc) for _snputc
    printf5.o(i.__0sprintf$5) refers to printf5.o(i._printf_core) for _printf_core
    printf5.o(i.__0sprintf$5) refers to printf5.o(i._sputc) for _sputc
    printf5.o(i.__0vfprintf$5) refers to printf5.o(i._printf_core) for _printf_core
    printf5.o(i.__0vfprintf$5) refers to fputc.o(i.fputc) for fputc
    printf5.o(i.__0vprintf$5) refers to printf5.o(i._printf_core) for _printf_core
    printf5.o(i.__0vprintf$5) refers to fputc.o(i.fputc) for fputc
    printf5.o(i.__0vprintf$5) refers to stdout.o(.data) for __stdout
    printf5.o(i.__0vsnprintf$5) refers to printf5.o(i._printf_core) for _printf_core
    printf5.o(i.__0vsnprintf$5) refers to printf5.o(i._snputc) for _snputc
    printf5.o(i.__0vsprintf$5) refers to printf5.o(i._printf_core) for _printf_core
    printf5.o(i.__0vsprintf$5) refers to printf5.o(i._sputc) for _sputc
    printf5.o(i._printf_core) refers to uldiv.o(.text) for __aeabi_uldivmod
    printf6.o(i.__0fprintf$6) refers to printf6.o(i._printf_core) for _printf_core
    printf6.o(i.__0fprintf$6) refers to fputc.o(i.fputc) for fputc
    printf6.o(i.__0printf$6) refers to printf6.o(i._printf_core) for _printf_core
    printf6.o(i.__0printf$6) refers to fputc.o(i.fputc) for fputc
    printf6.o(i.__0printf$6) refers to stdout.o(.data) for __stdout
    printf6.o(i.__0snprintf$6) refers to printf6.o(i._printf_core) for _printf_core
    printf6.o(i.__0snprintf$6) refers to printf6.o(i._snputc) for _snputc
    printf6.o(i.__0sprintf$6) refers to printf6.o(i._printf_core) for _printf_core
    printf6.o(i.__0sprintf$6) refers to printf6.o(i._sputc) for _sputc
    printf6.o(i.__0vfprintf$6) refers to printf6.o(i._printf_core) for _printf_core
    printf6.o(i.__0vfprintf$6) refers to fputc.o(i.fputc) for fputc
    printf6.o(i.__0vprintf$6) refers to printf6.o(i._printf_core) for _printf_core
    printf6.o(i.__0vprintf$6) refers to fputc.o(i.fputc) for fputc
    printf6.o(i.__0vprintf$6) refers to stdout.o(.data) for __stdout
    printf6.o(i.__0vsnprintf$6) refers to printf6.o(i._printf_core) for _printf_core
    printf6.o(i.__0vsnprintf$6) refers to printf6.o(i._snputc) for _snputc
    printf6.o(i.__0vsprintf$6) refers to printf6.o(i._printf_core) for _printf_core
    printf6.o(i.__0vsprintf$6) refers to printf6.o(i._sputc) for _sputc
    printf6.o(i._printf_core) refers to printf6.o(i._printf_pre_padding) for _printf_pre_padding
    printf6.o(i._printf_core) refers to uidiv.o(.text) for __aeabi_uidivmod
    printf6.o(i._printf_core) refers to printf6.o(i._printf_post_padding) for _printf_post_padding
    printf7.o(i.__0fprintf$7) refers to printf7.o(i._printf_core) for _printf_core
    printf7.o(i.__0fprintf$7) refers to fputc.o(i.fputc) for fputc
    printf7.o(i.__0printf$7) refers to printf7.o(i._printf_core) for _printf_core
    printf7.o(i.__0printf$7) refers to fputc.o(i.fputc) for fputc
    printf7.o(i.__0printf$7) refers to stdout.o(.data) for __stdout
    printf7.o(i.__0snprintf$7) refers to printf7.o(i._printf_core) for _printf_core
    printf7.o(i.__0snprintf$7) refers to printf7.o(i._snputc) for _snputc
    printf7.o(i.__0sprintf$7) refers to printf7.o(i._printf_core) for _printf_core
    printf7.o(i.__0sprintf$7) refers to printf7.o(i._sputc) for _sputc
    printf7.o(i.__0vfprintf$7) refers to printf7.o(i._printf_core) for _printf_core
    printf7.o(i.__0vfprintf$7) refers to fputc.o(i.fputc) for fputc
    printf7.o(i.__0vprintf$7) refers to printf7.o(i._printf_core) for _printf_core
    printf7.o(i.__0vprintf$7) refers to fputc.o(i.fputc) for fputc
    printf7.o(i.__0vprintf$7) refers to stdout.o(.data) for __stdout
    printf7.o(i.__0vsnprintf$7) refers to printf7.o(i._printf_core) for _printf_core
    printf7.o(i.__0vsnprintf$7) refers to printf7.o(i._snputc) for _snputc
    printf7.o(i.__0vsprintf$7) refers to printf7.o(i._printf_core) for _printf_core
    printf7.o(i.__0vsprintf$7) refers to printf7.o(i._sputc) for _sputc
    printf7.o(i._printf_core) refers to printf7.o(i._printf_pre_padding) for _printf_pre_padding
    printf7.o(i._printf_core) refers to uldiv.o(.text) for __aeabi_uldivmod
    printf7.o(i._printf_core) refers to printf7.o(i._printf_post_padding) for _printf_post_padding
    printf8.o(i.__0fprintf$8) refers to printf8.o(i._printf_core) for _printf_core
    printf8.o(i.__0fprintf$8) refers to fputc.o(i.fputc) for fputc
    printf8.o(i.__0printf$8) refers to printf8.o(i._printf_core) for _printf_core
    printf8.o(i.__0printf$8) refers to fputc.o(i.fputc) for fputc
    printf8.o(i.__0printf$8) refers to stdout.o(.data) for __stdout
    printf8.o(i.__0snprintf$8) refers to printf8.o(i._printf_core) for _printf_core
    printf8.o(i.__0snprintf$8) refers to printf8.o(i._snputc) for _snputc
    printf8.o(i.__0sprintf$8) refers to printf8.o(i._printf_core) for _printf_core
    printf8.o(i.__0sprintf$8) refers to printf8.o(i._sputc) for _sputc
    printf8.o(i.__0vfprintf$8) refers to printf8.o(i._printf_core) for _printf_core
    printf8.o(i.__0vfprintf$8) refers to fputc.o(i.fputc) for fputc
    printf8.o(i.__0vprintf$8) refers to printf8.o(i._printf_core) for _printf_core
    printf8.o(i.__0vprintf$8) refers to fputc.o(i.fputc) for fputc
    printf8.o(i.__0vprintf$8) refers to stdout.o(.data) for __stdout
    printf8.o(i.__0vsnprintf$8) refers to printf8.o(i._printf_core) for _printf_core
    printf8.o(i.__0vsnprintf$8) refers to printf8.o(i._snputc) for _snputc
    printf8.o(i.__0vsprintf$8) refers to printf8.o(i._printf_core) for _printf_core
    printf8.o(i.__0vsprintf$8) refers to printf8.o(i._sputc) for _sputc
    printf8.o(i._printf_core) refers to printf8.o(i._printf_pre_padding) for _printf_pre_padding
    printf8.o(i._printf_core) refers to uldiv.o(.text) for __aeabi_uldivmod
    printf8.o(i._printf_core) refers to printf8.o(i._printf_post_padding) for _printf_post_padding
    printfa.o(i.__0fprintf) refers (Special) to iusefp.o(.text) for __I$use$fp
    printfa.o(i.__0fprintf) refers to printfa.o(i._printf_core) for _printf_core
    printfa.o(i.__0fprintf) refers to fputc.o(i.fputc) for fputc
    printfa.o(i.__0printf) refers (Special) to iusefp.o(.text) for __I$use$fp
    printfa.o(i.__0printf) refers to printfa.o(i._printf_core) for _printf_core
    printfa.o(i.__0printf) refers to fputc.o(i.fputc) for fputc
    printfa.o(i.__0printf) refers to stdout.o(.data) for __stdout
    printfa.o(i.__0snprintf) refers (Special) to iusefp.o(.text) for __I$use$fp
    printfa.o(i.__0snprintf) refers to printfa.o(i._printf_core) for _printf_core
    printfa.o(i.__0snprintf) refers to printfa.o(i._snputc) for _snputc
    printfa.o(i.__0sprintf) refers (Special) to iusefp.o(.text) for __I$use$fp
    printfa.o(i.__0sprintf) refers to printfa.o(i._printf_core) for _printf_core
    printfa.o(i.__0sprintf) refers to printfa.o(i._sputc) for _sputc
    printfa.o(i.__0vfprintf) refers (Special) to iusefp.o(.text) for __I$use$fp
    printfa.o(i.__0vfprintf) refers to printfa.o(i._printf_core) for _printf_core
    printfa.o(i.__0vfprintf) refers to fputc.o(i.fputc) for fputc
    printfa.o(i.__0vprintf) refers (Special) to iusefp.o(.text) for __I$use$fp
    printfa.o(i.__0vprintf) refers to printfa.o(i._printf_core) for _printf_core
    printfa.o(i.__0vprintf) refers to fputc.o(i.fputc) for fputc
    printfa.o(i.__0vprintf) refers to stdout.o(.data) for __stdout
    printfa.o(i.__0vsnprintf) refers (Special) to iusefp.o(.text) for __I$use$fp
    printfa.o(i.__0vsnprintf) refers to printfa.o(i._printf_core) for _printf_core
    printfa.o(i.__0vsnprintf) refers to printfa.o(i._snputc) for _snputc
    printfa.o(i.__0vsprintf) refers (Special) to iusefp.o(.text) for __I$use$fp
    printfa.o(i.__0vsprintf) refers to printfa.o(i._printf_core) for _printf_core
    printfa.o(i.__0vsprintf) refers to printfa.o(i._sputc) for _sputc
    printfa.o(i._fp_digits) refers (Special) to iusefp.o(.text) for __I$use$fp
    printfa.o(i._fp_digits) refers to dmul.o(.text) for __aeabi_dmul
    printfa.o(i._fp_digits) refers to ddiv.o(.text) for __aeabi_ddiv
    printfa.o(i._fp_digits) refers to cdrcmple.o(.text) for __aeabi_cdrcmple
    printfa.o(i._fp_digits) refers to dadd.o(.text) for __aeabi_dadd
    printfa.o(i._fp_digits) refers to dfixul.o(.text) for __aeabi_d2ulz
    printfa.o(i._fp_digits) refers to uldiv.o(.text) for __aeabi_uldivmod
    printfa.o(i._printf_core) refers (Special) to iusefp.o(.text) for __I$use$fp
    printfa.o(i._printf_core) refers to printfa.o(i._printf_pre_padding) for _printf_pre_padding
    printfa.o(i._printf_core) refers to uldiv.o(.text) for __aeabi_uldivmod
    printfa.o(i._printf_core) refers to printfa.o(i._printf_post_padding) for _printf_post_padding
    printfa.o(i._printf_core) refers to printfa.o(i._fp_digits) for _fp_digits
    printfa.o(i._printf_core) refers to uidiv.o(.text) for __aeabi_uidivmod
    printfa.o(i._printf_post_padding) refers (Special) to iusefp.o(.text) for __I$use$fp
    printfa.o(i._printf_pre_padding) refers (Special) to iusefp.o(.text) for __I$use$fp
    printfa.o(i._snputc) refers (Special) to iusefp.o(.text) for __I$use$fp
    printfa.o(i._sputc) refers (Special) to iusefp.o(.text) for __I$use$fp
    entry2.o(.ARM.Collect$$$$00000001) refers to entry2.o(.ARM.Collect$$$$00002712) for __lit__00000000
    entry2.o(.ARM.Collect$$$$00002712) refers to startup_stm32f10x_xl.o(STACK) for __initial_sp
    entry2.o(__vectab_stack_and_reset_area) refers to startup_stm32f10x_xl.o(STACK) for __initial_sp
    entry2.o(__vectab_stack_and_reset_area) refers to entry.o(.ARM.Collect$$$$00000000) for __main
    entry5.o(.ARM.Collect$$$$00000004) refers to init.o(.text) for __scatterload
    entry9a.o(.ARM.Collect$$$$0000000B) refers to main.o(i.main) for main
    entry9b.o(.ARM.Collect$$$$0000000C) refers to main.o(i.main) for main
    fputc.o(i.fputc) refers (Special) to iusesemip.o(.text) for __I$use$semihosting$fputc
    fputc.o(i.fputc) refers (Special) to semi.o(.text) for __semihosting_library_function
    uldiv.o(.text) refers to llushr.o(.text) for __aeabi_llsr
    uldiv.o(.text) refers to llshl.o(.text) for __aeabi_llsl
    dadd.o(.text) refers to llshl.o(.text) for __aeabi_llsl
    dadd.o(.text) refers to llsshr.o(.text) for __aeabi_lasr
    dadd.o(.text) refers to depilogue.o(.text) for _double_epilogue
    dmul.o(.text) refers to depilogue.o(.text) for _double_epilogue
    ddiv.o(.text) refers to depilogue.o(.text) for _double_round
    dfixul.o(.text) refers to llushr.o(.text) for __aeabi_llsr
    dfixul.o(.text) refers to llshl.o(.text) for __aeabi_llsl
    init.o(.text) refers to entry5.o(.ARM.Collect$$$$00000004) for __main_after_scatterload
    depilogue.o(.text) refers to llshl.o(.text) for __aeabi_llsl
    depilogue.o(.text) refers to llushr.o(.text) for __aeabi_llsr


==============================================================================

Removing Unused input sections from the image.

    Removing main.o(.rev16_text), (4 bytes).
    Removing main.o(.revsh_text), (4 bytes).
    Removing main.o(.rrx_text), (6 bytes).
    Removing menu.o(.rev16_text), (4 bytes).
    Removing menu.o(.revsh_text), (4 bytes).
    Removing menu.o(.rrx_text), (6 bytes).
    Removing game.o(.rev16_text), (4 bytes).
    Removing game.o(.revsh_text), (4 bytes).
    Removing game.o(.rrx_text), (6 bytes).
    Removing gpio.o(.rev16_text), (4 bytes).
    Removing gpio.o(.revsh_text), (4 bytes).
    Removing gpio.o(.rrx_text), (6 bytes).
    Removing timers.o(.rev16_text), (4 bytes).
    Removing timers.o(.revsh_text), (4 bytes).
    Removing timers.o(.rrx_text), (6 bytes).
    Removing glcd.o(.rev16_text), (4 bytes).
    Removing glcd.o(.revsh_text), (4 bytes).
    Removing glcd.o(.rrx_text), (6 bytes).
    Removing glcd_mcbstm32e.o(.rev16_text), (4 bytes).
    Removing glcd_mcbstm32e.o(.revsh_text), (4 bytes).
    Removing glcd_mcbstm32e.o(.rrx_text), (6 bytes).
    Removing glcd_mcbstm32e.o(i.GLCD_DrawHLine), (60 bytes).
    Removing glcd_mcbstm32e.o(i.GLCD_DrawPixel), (128 bytes).
    Removing glcd_mcbstm32e.o(i.GLCD_DrawRectangle), (58 bytes).
    Removing glcd_mcbstm32e.o(i.GLCD_DrawVLine), (60 bytes).
    Removing glcd_mcbstm32e.o(i.GLCD_FrameBufferAccess), (44 bytes).
    Removing glcd_mcbstm32e.o(i.GLCD_FrameBufferAddress), (8 bytes).
    Removing glcd_mcbstm32e.o(i.GLCD_ReadPixel), (184 bytes).
    Removing glcd_mcbstm32e.o(i.GLCD_Uninitialize), (16 bytes).
    Removing glcd_mcbstm32e.o(i.GLCD_VScroll), (8 bytes).
    Removing misc.o(.rev16_text), (4 bytes).
    Removing misc.o(.revsh_text), (4 bytes).
    Removing misc.o(.rrx_text), (6 bytes).
    Removing misc.o(i.NVIC_Init), (112 bytes).
    Removing misc.o(i.NVIC_PriorityGroupConfig), (20 bytes).
    Removing misc.o(i.NVIC_SetVectorTable), (20 bytes).
    Removing misc.o(i.NVIC_SystemLPConfig), (32 bytes).
    Removing misc.o(i.SysTick_CLKSourceConfig), (40 bytes).
    Removing stm32f10x_gpio.o(.rev16_text), (4 bytes).
    Removing stm32f10x_gpio.o(.revsh_text), (4 bytes).
    Removing stm32f10x_gpio.o(.rrx_text), (6 bytes).
    Removing stm32f10x_gpio.o(i.GPIO_AFIODeInit), (20 bytes).
    Removing stm32f10x_gpio.o(i.GPIO_DeInit), (200 bytes).
    Removing stm32f10x_gpio.o(i.GPIO_ETH_MediaInterfaceConfig), (12 bytes).
    Removing stm32f10x_gpio.o(i.GPIO_EXTILineConfig), (64 bytes).
    Removing stm32f10x_gpio.o(i.GPIO_EventOutputCmd), (12 bytes).
    Removing stm32f10x_gpio.o(i.GPIO_EventOutputConfig), (32 bytes).
    Removing stm32f10x_gpio.o(i.GPIO_Init), (278 bytes).
    Removing stm32f10x_gpio.o(i.GPIO_PinLockConfig), (18 bytes).
    Removing stm32f10x_gpio.o(i.GPIO_PinRemapConfig), (144 bytes).
    Removing stm32f10x_gpio.o(i.GPIO_ReadInputData), (8 bytes).
    Removing stm32f10x_gpio.o(i.GPIO_ReadInputDataBit), (18 bytes).
    Removing stm32f10x_gpio.o(i.GPIO_ReadOutputData), (8 bytes).
    Removing stm32f10x_gpio.o(i.GPIO_ReadOutputDataBit), (18 bytes).
    Removing stm32f10x_gpio.o(i.GPIO_ResetBits), (4 bytes).
    Removing stm32f10x_gpio.o(i.GPIO_SetBits), (4 bytes).
    Removing stm32f10x_gpio.o(i.GPIO_StructInit), (16 bytes).
    Removing stm32f10x_gpio.o(i.GPIO_Write), (4 bytes).
    Removing stm32f10x_gpio.o(i.GPIO_WriteBit), (10 bytes).
    Removing stm32f10x_rcc.o(.rev16_text), (4 bytes).
    Removing stm32f10x_rcc.o(.revsh_text), (4 bytes).
    Removing stm32f10x_rcc.o(.rrx_text), (6 bytes).
    Removing stm32f10x_rcc.o(i.RCC_ADCCLKConfig), (24 bytes).
    Removing stm32f10x_rcc.o(i.RCC_AHBPeriphClockCmd), (32 bytes).
    Removing stm32f10x_rcc.o(i.RCC_APB1PeriphClockCmd), (32 bytes).
    Removing stm32f10x_rcc.o(i.RCC_APB1PeriphResetCmd), (32 bytes).
    Removing stm32f10x_rcc.o(i.RCC_APB2PeriphClockCmd), (32 bytes).
    Removing stm32f10x_rcc.o(i.RCC_APB2PeriphResetCmd), (32 bytes).
    Removing stm32f10x_rcc.o(i.RCC_AdjustHSICalibrationValue), (24 bytes).
    Removing stm32f10x_rcc.o(i.RCC_BackupResetCmd), (12 bytes).
    Removing stm32f10x_rcc.o(i.RCC_ClearFlag), (20 bytes).
    Removing stm32f10x_rcc.o(i.RCC_ClearITPendingBit), (12 bytes).
    Removing stm32f10x_rcc.o(i.RCC_ClockSecuritySystemCmd), (12 bytes).
    Removing stm32f10x_rcc.o(i.RCC_DeInit), (76 bytes).
    Removing stm32f10x_rcc.o(i.RCC_GetClocksFreq), (212 bytes).
    Removing stm32f10x_rcc.o(i.RCC_GetFlagStatus), (60 bytes).
    Removing stm32f10x_rcc.o(i.RCC_GetITStatus), (24 bytes).
    Removing stm32f10x_rcc.o(i.RCC_GetSYSCLKSource), (16 bytes).
    Removing stm32f10x_rcc.o(i.RCC_HCLKConfig), (24 bytes).
    Removing stm32f10x_rcc.o(i.RCC_HSEConfig), (76 bytes).
    Removing stm32f10x_rcc.o(i.RCC_HSICmd), (12 bytes).
    Removing stm32f10x_rcc.o(i.RCC_ITConfig), (32 bytes).
    Removing stm32f10x_rcc.o(i.RCC_LSEConfig), (52 bytes).
    Removing stm32f10x_rcc.o(i.RCC_LSICmd), (12 bytes).
    Removing stm32f10x_rcc.o(i.RCC_MCOConfig), (12 bytes).
    Removing stm32f10x_rcc.o(i.RCC_PCLK1Config), (24 bytes).
    Removing stm32f10x_rcc.o(i.RCC_PCLK2Config), (24 bytes).
    Removing stm32f10x_rcc.o(i.RCC_PLLCmd), (12 bytes).
    Removing stm32f10x_rcc.o(i.RCC_PLLConfig), (28 bytes).
    Removing stm32f10x_rcc.o(i.RCC_RTCCLKCmd), (12 bytes).
    Removing stm32f10x_rcc.o(i.RCC_RTCCLKConfig), (16 bytes).
    Removing stm32f10x_rcc.o(i.RCC_SYSCLKConfig), (24 bytes).
    Removing stm32f10x_rcc.o(i.RCC_USBCLKConfig), (12 bytes).
    Removing stm32f10x_rcc.o(i.RCC_WaitForHSEStartUp), (56 bytes).
    Removing stm32f10x_rcc.o(.data), (20 bytes).
    Removing startup_stm32f10x_xl.o(HEAP), (512 bytes).
    Removing system_stm32f10x.o(.rev16_text), (4 bytes).
    Removing system_stm32f10x.o(.revsh_text), (4 bytes).
    Removing system_stm32f10x.o(.rrx_text), (6 bytes).
    Removing system_stm32f10x.o(i.SystemCoreClockUpdate), (164 bytes).
    Removing dadd.o(.text), (334 bytes).
    Removing dmul.o(.text), (228 bytes).
    Removing ddiv.o(.text), (222 bytes).
    Removing dfixul.o(.text), (48 bytes).
    Removing cdrcmple.o(.text), (48 bytes).
    Removing depilogue.o(.text), (186 bytes).

106 unused section(s) (total 4656 bytes) removed from the image.

==============================================================================

Image Symbol Table

    Local Symbols

    Symbol Name                              Value     Ov Type        Size  Object(Section)

    ../clib/microlib/division.c              0x00000000   Number         0  uldiv.o ABSOLUTE
    ../clib/microlib/division.c              0x00000000   Number         0  uidiv.o ABSOLUTE
    ../clib/microlib/init/entry.s            0x00000000   Number         0  entry10b.o ABSOLUTE
    ../clib/microlib/init/entry.s            0x00000000   Number         0  entry5.o ABSOLUTE
    ../clib/microlib/init/entry.s            0x00000000   Number         0  entry8a.o ABSOLUTE
    ../clib/microlib/init/entry.s            0x00000000   Number         0  entry11a.o ABSOLUTE
    ../clib/microlib/init/entry.s            0x00000000   Number         0  entry8b.o ABSOLUTE
    ../clib/microlib/init/entry.s            0x00000000   Number         0  entry2.o ABSOLUTE
    ../clib/microlib/init/entry.s            0x00000000   Number         0  entry7b.o ABSOLUTE
    ../clib/microlib/init/entry.s            0x00000000   Number         0  entry7a.o ABSOLUTE
    ../clib/microlib/init/entry.s            0x00000000   Number         0  entry.o ABSOLUTE
    ../clib/microlib/init/entry.s            0x00000000   Number         0  entry9a.o ABSOLUTE
    ../clib/microlib/init/entry.s            0x00000000   Number         0  entry11b.o ABSOLUTE
    ../clib/microlib/init/entry.s            0x00000000   Number         0  entry9b.o ABSOLUTE
    ../clib/microlib/init/entry.s            0x00000000   Number         0  entry10a.o ABSOLUTE
    ../clib/microlib/longlong.c              0x00000000   Number         0  llushr.o ABSOLUTE
    ../clib/microlib/longlong.c              0x00000000   Number         0  llshl.o ABSOLUTE
    ../clib/microlib/longlong.c              0x00000000   Number         0  llsshr.o ABSOLUTE
    ../clib/microlib/printf/printf.c         0x00000000   Number         0  printfb.o ABSOLUTE
    ../clib/microlib/printf/printf.c         0x00000000   Number         0  printf0.o ABSOLUTE
    ../clib/microlib/printf/printf.c         0x00000000   Number         0  printf4.o ABSOLUTE
    ../clib/microlib/printf/printf.c         0x00000000   Number         0  printf2.o ABSOLUTE
    ../clib/microlib/printf/printf.c         0x00000000   Number         0  printf3.o ABSOLUTE
    ../clib/microlib/printf/printf.c         0x00000000   Number         0  printf8.o ABSOLUTE
    ../clib/microlib/printf/printf.c         0x00000000   Number         0  printf6.o ABSOLUTE
    ../clib/microlib/printf/printf.c         0x00000000   Number         0  printf5.o ABSOLUTE
    ../clib/microlib/printf/printf.c         0x00000000   Number         0  printf7.o ABSOLUTE
    ../clib/microlib/printf/printf.c         0x00000000   Number         0  printfa.o ABSOLUTE
    ../clib/microlib/printf/printf.c         0x00000000   Number         0  printf1.o ABSOLUTE
    ../clib/microlib/printf/stubs.s          0x00000000   Number         0  stubs.o ABSOLUTE
    ../clib/microlib/stdio/fputc.c           0x00000000   Number         0  fputc.o ABSOLUTE
    ../clib/microlib/stdio/semi.s            0x00000000   Number         0  semi.o ABSOLUTE
    ../clib/microlib/stdio/streams.c         0x00000000   Number         0  stdout.o ABSOLUTE
    ../clib/microlib/stdlib/rand.c           0x00000000   Number         0  rand.o ABSOLUTE
    ../clib/microlib/stubs.s                 0x00000000   Number         0  iusefp.o ABSOLUTE
    ../clib/microlib/stubs.s                 0x00000000   Number         0  iusesemip.o ABSOLUTE
    ../fplib/microlib/fpadd.c                0x00000000   Number         0  dadd.o ABSOLUTE
    ../fplib/microlib/fpdiv.c                0x00000000   Number         0  ddiv.o ABSOLUTE
    ../fplib/microlib/fpepilogue.c           0x00000000   Number         0  depilogue.o ABSOLUTE
    ../fplib/microlib/fpfix.c                0x00000000   Number         0  dfixul.o ABSOLUTE
    ../fplib/microlib/fpmul.c                0x00000000   Number         0  dmul.o ABSOLUTE
    C:\Keil_v5\ARM\PACK\Keil\STM32F1xx_DFP\2.2.0\Device\StdPeriph_Driver\src\misc.c 0x00000000   Number         0  misc.o ABSOLUTE
    C:\Keil_v5\ARM\PACK\Keil\STM32F1xx_DFP\2.2.0\Device\StdPeriph_Driver\src\stm32f10x_gpio.c 0x00000000   Number         0  stm32f10x_gpio.o ABSOLUTE
    C:\Keil_v5\ARM\PACK\Keil\STM32F1xx_DFP\2.2.0\Device\StdPeriph_Driver\src\stm32f10x_rcc.c 0x00000000   Number         0  stm32f10x_rcc.o ABSOLUTE
    C:\\Keil_v5\\ARM\\PACK\\Keil\\STM32F1xx_DFP\\2.2.0\\Device\\StdPeriph_Driver\\src\\misc.c 0x00000000   Number         0  misc.o ABSOLUTE
    C:\\Keil_v5\\ARM\\PACK\\Keil\\STM32F1xx_DFP\\2.2.0\\Device\\StdPeriph_Driver\\src\\stm32f10x_gpio.c 0x00000000   Number         0  stm32f10x_gpio.o ABSOLUTE
    C:\\Keil_v5\\ARM\\PACK\\Keil\\STM32F1xx_DFP\\2.2.0\\Device\\StdPeriph_Driver\\src\\stm32f10x_rcc.c 0x00000000   Number         0  stm32f10x_rcc.o ABSOLUTE
    Lib\GLCD_Fonts.c                         0x00000000   Number         0  glcd_fonts.o ABSOLUTE
    Lib\GLCD_MCBSTM32E.c                     0x00000000   Number         0  glcd_mcbstm32e.o ABSOLUTE
    Lib\\GLCD_MCBSTM32E.c                    0x00000000   Number         0  glcd_mcbstm32e.o ABSOLUTE
    RTE\Device\STM32F103ZG\startup_stm32f10x_xl.s 0x00000000   Number         0  startup_stm32f10x_xl.o ABSOLUTE
    RTE\Device\STM32F103ZG\system_stm32f10x.c 0x00000000   Number         0  system_stm32f10x.o ABSOLUTE
    RTE\\Device\\STM32F103ZG\\system_stm32f10x.c 0x00000000   Number         0  system_stm32f10x.o ABSOLUTE
    Sources\GAME\ImagesBMP.c                 0x00000000   Number         0  imagesbmp.o ABSOLUTE
    Sources\GAME\game.c                      0x00000000   Number         0  game.o ABSOLUTE
    Sources\GAME\menu.c                      0x00000000   Number         0  menu.o ABSOLUTE
    Sources\GAME\random.c                    0x00000000   Number         0  random.o ABSOLUTE
    Sources\HARD\GLCD.c                      0x00000000   Number         0  glcd.o ABSOLUTE
    Sources\HARD\GPIO.c                      0x00000000   Number         0  gpio.o ABSOLUTE
    Sources\HARD\TIMERS.c                    0x00000000   Number         0  timers.o ABSOLUTE
    Sources\\GAME\\game.c                    0x00000000   Number         0  game.o ABSOLUTE
    Sources\\GAME\\menu.c                    0x00000000   Number         0  menu.o ABSOLUTE
    Sources\\HARD\\GLCD.c                    0x00000000   Number         0  glcd.o ABSOLUTE
    Sources\\HARD\\GPIO.c                    0x00000000   Number         0  gpio.o ABSOLUTE
    Sources\\HARD\\TIMERS.c                  0x00000000   Number         0  timers.o ABSOLUTE
    Sources\\main.c                          0x00000000   Number         0  main.o ABSOLUTE
    Sources\main.c                           0x00000000   Number         0  main.o ABSOLUTE
    cdrcmple.s                               0x00000000   Number         0  cdrcmple.o ABSOLUTE
    dc.s                                     0x00000000   Number         0  dc.o ABSOLUTE
    handlers.s                               0x00000000   Number         0  handlers.o ABSOLUTE
    init.s                                   0x00000000   Number         0  init.o ABSOLUTE
    RESET                                    0x08000000   Section      304  startup_stm32f10x_xl.o(RESET)
    .ARM.Collect$$$$00000000                 0x08000130   Section        0  entry.o(.ARM.Collect$$$$00000000)
    .ARM.Collect$$$$00000001                 0x08000130   Section        4  entry2.o(.ARM.Collect$$$$00000001)
    .ARM.Collect$$$$00000004                 0x08000134   Section        4  entry5.o(.ARM.Collect$$$$00000004)
    .ARM.Collect$$$$00000008                 0x08000138   Section        0  entry7b.o(.ARM.Collect$$$$00000008)
    .ARM.Collect$$$$0000000A                 0x08000138   Section        0  entry8b.o(.ARM.Collect$$$$0000000A)
    .ARM.Collect$$$$0000000B                 0x08000138   Section        8  entry9a.o(.ARM.Collect$$$$0000000B)
    .ARM.Collect$$$$0000000D                 0x08000140   Section        0  entry10a.o(.ARM.Collect$$$$0000000D)
    .ARM.Collect$$$$0000000F                 0x08000140   Section        0  entry11a.o(.ARM.Collect$$$$0000000F)
    .ARM.Collect$$$$00002712                 0x08000140   Section        4  entry2.o(.ARM.Collect$$$$00002712)
    __lit__00000000                          0x08000140   Data           4  entry2.o(.ARM.Collect$$$$00002712)
    .text                                    0x08000144   Section       36  startup_stm32f10x_xl.o(.text)
    .text                                    0x08000168   Section        0  rand.o(.text)
    .text                                    0x0800018c   Section        0  uidiv.o(.text)
    .text                                    0x080001b8   Section       36  init.o(.text)
    i.EXTI9_5_IRQHandler                     0x080001dc   Section        0  gpio.o(i.EXTI9_5_IRQHandler)
    i.GLCD_ClearScreen                       0x08000200   Section        0  glcd_mcbstm32e.o(i.GLCD_ClearScreen)
    i.GLCD_DrawBargraph                      0x0800023c   Section        0  glcd_mcbstm32e.o(i.GLCD_DrawBargraph)
    i.GLCD_DrawBitmap                        0x080002ac   Section        0  glcd_mcbstm32e.o(i.GLCD_DrawBitmap)
    i.GLCD_DrawChar                          0x08000300   Section        0  glcd_mcbstm32e.o(i.GLCD_DrawChar)
    i.GLCD_DrawString                        0x080003d0   Section        0  glcd_mcbstm32e.o(i.GLCD_DrawString)
    i.GLCD_Initialize                        0x080003fc   Section        0  glcd_mcbstm32e.o(i.GLCD_Initialize)
    i.GLCD_SetBackgroundColor                0x08000a30   Section        0  glcd_mcbstm32e.o(i.GLCD_SetBackgroundColor)
    i.GLCD_SetFont                           0x08000a40   Section        0  glcd_mcbstm32e.o(i.GLCD_SetFont)
    i.GLCD_SetForegroundColor                0x08000a50   Section        0  glcd_mcbstm32e.o(i.GLCD_SetForegroundColor)
    i.GLCD_SetWindow                         0x08000a60   Section        0  glcd_mcbstm32e.o(i.GLCD_SetWindow)
    GLCD_SetWindow                           0x08000a61   Thumb Code   168  glcd_mcbstm32e.o(i.GLCD_SetWindow)
    i.SetSysClock                            0x08000b0c   Section        0  system_stm32f10x.o(i.SetSysClock)
    SetSysClock                              0x08000b0d   Thumb Code     8  system_stm32f10x.o(i.SetSysClock)
    i.SetSysClockTo72                        0x08000b14   Section        0  system_stm32f10x.o(i.SetSysClockTo72)
    SetSysClockTo72                          0x08000b15   Thumb Code   214  system_stm32f10x.o(i.SetSysClockTo72)
    i.SystemInit                             0x08000bf4   Section        0  system_stm32f10x.o(i.SystemInit)
    i.TIM1_UP_TIM10_IRQHandler               0x08000c54   Section        0  timers.o(i.TIM1_UP_TIM10_IRQHandler)
    i.TIM2_IRQHandler                        0x08000c78   Section        0  timers.o(i.TIM2_IRQHandler)
    i.TIM8_UP_TIM13_IRQHandler               0x08000c9c   Section        0  timers.o(i.TIM8_UP_TIM13_IRQHandler)
    i.__0sprintf$1                           0x08000cc0   Section        0  printf1.o(i.__0sprintf$1)
    i.__scatterload_copy                     0x08000ce8   Section       14  handlers.o(i.__scatterload_copy)
    i.__scatterload_null                     0x08000cf6   Section        2  handlers.o(i.__scatterload_null)
    i.__scatterload_zeroinit                 0x08000cf8   Section       14  handlers.o(i.__scatterload_zeroinit)
    i._printf_core                           0x08000d08   Section        0  printf1.o(i._printf_core)
    _printf_core                             0x08000d09   Thumb Code   336  printf1.o(i._printf_core)
    i._sputc                                 0x08000e5c   Section        0  printf1.o(i._sputc)
    _sputc                                   0x08000e5d   Thumb Code    10  printf1.o(i._sputc)
    i.clearScreenGLCD                        0x08000e66   Section        0  glcd.o(i.clearScreenGLCD)
    i.clearZone                              0x08000e74   Section        0  glcd.o(i.clearZone)
    i.configTimer1                           0x08000e98   Section        0  timers.o(i.configTimer1)
    i.configTimer2                           0x08000ee8   Section        0  timers.o(i.configTimer2)
    i.configTimer8                           0x08000f24   Section        0  timers.o(i.configTimer8)
    i.delay_ms                               0x08000f74   Section        0  glcd_mcbstm32e.o(i.delay_ms)
    delay_ms                                 0x08000f75   Thumb Code    38  glcd_mcbstm32e.o(i.delay_ms)
    i.displayGameLosed                       0x08000fa0   Section        0  menu.o(i.displayGameLosed)
    i.displayGameWon                         0x08001010   Section        0  menu.o(i.displayGameWon)
    i.displayLevelName                       0x08001040   Section        0  game.o(i.displayLevelName)
    i.displayLogo                            0x080010d4   Section        0  menu.o(i.displayLogo)
    i.displayMenu                            0x0800114c   Section        0  menu.o(i.displayMenu)
    i.displayScore                           0x080011bc   Section        0  game.o(i.displayScore)
    i.getRandom                              0x080011f4   Section        0  random.o(i.getRandom)
    i.getTimer3Value                         0x0800120c   Section        0  timers.o(i.getTimer3Value)
    i.initGLCD                               0x08001218   Section        0  glcd.o(i.initGLCD)
    i.initGPIO                               0x08001224   Section        0  gpio.o(i.initGPIO)
    i.initRandom                             0x080012b8   Section        0  random.o(i.initRandom)
    i.initTIMERS                             0x080012c0   Section        0  timers.o(i.initTIMERS)
    i.initTimer3                             0x080012d0   Section        0  timers.o(i.initTimer3)
    i.joytickDownPressed                     0x08001304   Section        0  gpio.o(i.joytickDownPressed)
    i.joytickLeftPressed                     0x08001314   Section        0  gpio.o(i.joytickLeftPressed)
    i.joytickRightPressed                    0x08001324   Section        0  gpio.o(i.joytickRightPressed)
    i.joytickSelectPressed                   0x08001334   Section        0  gpio.o(i.joytickSelectPressed)
    i.joytickUpPressed                       0x08001344   Section        0  gpio.o(i.joytickUpPressed)
    i.main                                   0x08001354   Section        0  main.o(i.main)
    i.rd_dat                                 0x08001408   Section        0  glcd_mcbstm32e.o(i.rd_dat)
    rd_dat                                   0x08001409   Thumb Code     8  glcd_mcbstm32e.o(i.rd_dat)
    i.refreshMenu                            0x08001410   Section        0  menu.o(i.refreshMenu)
    i.setRandom                              0x08001460   Section        0  random.o(i.setRandom)
    i.setSpeedTimer8                         0x08001470   Section        0  timers.o(i.setSpeedTimer8)
    i.setupLevel                             0x080014a4   Section        0  game.o(i.setupLevel)
    i.shoot                                  0x080016c0   Section        0  game.o(i.shoot)
    i.startInterruptBP_USER                  0x080016f0   Section        0  gpio.o(i.startInterruptBP_USER)
    i.startLevel                             0x08001740   Section        0  game.o(i.startLevel)
    i.startTimer1                            0x08001760   Section        0  timers.o(i.startTimer1)
    i.startTimer2                            0x08001774   Section        0  timers.o(i.startTimer2)
    i.startTimer8                            0x08001788   Section        0  timers.o(i.startTimer8)
    i.stopInterruptBP_USER                   0x0800179c   Section        0  gpio.o(i.stopInterruptBP_USER)
    i.stopLevel                              0x080017b0   Section        0  game.o(i.stopLevel)
    i.stopTimer1                             0x080017c4   Section        0  timers.o(i.stopTimer1)
    i.stopTimer2                             0x080017d8   Section        0  timers.o(i.stopTimer2)
    i.stopTimer8                             0x080017ec   Section        0  timers.o(i.stopTimer8)
    i.updateEnnemis                          0x08001800   Section        0  game.o(i.updateEnnemis)
    i.updateRocket                           0x08001c34   Section        0  game.o(i.updateRocket)
    i.updateSpaceShip                        0x08001ca0   Section        0  game.o(i.updateSpaceShip)
    i.userButtonPressed                      0x08001d14   Section        0  gpio.o(i.userButtonPressed)
    i.wr_cmd                                 0x08001d24   Section        0  glcd_mcbstm32e.o(i.wr_cmd)
    wr_cmd                                   0x08001d25   Thumb Code     8  glcd_mcbstm32e.o(i.wr_cmd)
    i.wr_dat                                 0x08001d2c   Section        0  glcd_mcbstm32e.o(i.wr_dat)
    wr_dat                                   0x08001d2d   Thumb Code     8  glcd_mcbstm32e.o(i.wr_dat)
    i.wr_dat_only                            0x08001d34   Section        0  glcd_mcbstm32e.o(i.wr_dat_only)
    wr_dat_only                              0x08001d35   Thumb Code     8  glcd_mcbstm32e.o(i.wr_dat_only)
    i.wr_reg                                 0x08001d3c   Section        0  glcd_mcbstm32e.o(i.wr_reg)
    wr_reg                                   0x08001d3d   Thumb Code    20  glcd_mcbstm32e.o(i.wr_reg)
    .constdata                               0x08001d50   Section    18560  imagesbmp.o(.constdata)
    .constdata                               0x080065d0   Section     6304  glcd_fonts.o(.constdata)
    Font_6x8_h                               0x080065d0   Data         896  glcd_fonts.o(.constdata)
    Font_16x24_h                             0x08006950   Data        5376  glcd_fonts.o(.constdata)
    .data                                    0x20000000   Section       20  main.o(.data)
    .data                                    0x20000014   Section        1  menu.o(.data)
    menuSelected                             0x20000014   Data           1  menu.o(.data)
    .data                                    0x20000018   Section       24  game.o(.data)
    xSpaceShip                               0x20000018   Data           4  game.o(.data)
    rocketShooted                            0x2000001c   Data           4  game.o(.data)
    xRocket                                  0x20000020   Data           4  game.o(.data)
    yRocket                                  0x20000024   Data           4  game.o(.data)
    .data                                    0x20000030   Section        9  glcd_mcbstm32e.o(.data)
    foreground_color                         0x20000030   Data           2  glcd_mcbstm32e.o(.data)
    background_color                         0x20000032   Data           2  glcd_mcbstm32e.o(.data)
    active_font                              0x20000034   Data           4  glcd_mcbstm32e.o(.data)
    Himax                                    0x20000038   Data           1  glcd_mcbstm32e.o(.data)
    .data                                    0x2000003c   Section       20  system_stm32f10x.o(.data)
    .data                                    0x20000050   Section        4  rand.o(.data)
    _rand_state                              0x20000050   Data           4  rand.o(.data)
    .bss                                     0x20000054   Section      960  game.o(.bss)
    STACK                                    0x20000418   Section     1024  startup_stm32f10x_xl.o(STACK)

    Global Symbols

    Symbol Name                              Value     Ov Type        Size  Object(Section)

    BuildAttributes$$THM_ISAv4$P$D$K$B$S$PE$A:L22UL41UL21$X:L11$S22US41US21$IEEE1$IW$USESV6$~STKCKD$USESV7$~SHL$OSPACE$ROPI$EBA8$MICROLIB$REQ8$PRES8$EABIv2 0x00000000   Number         0  anon$$obj.o ABSOLUTE
    __ARM_use_no_argv                        0x00000000   Number         0  main.o ABSOLUTE
    _printf_a                                0x00000000   Number         0  stubs.o ABSOLUTE
    _printf_c                                0x00000000   Number         0  stubs.o ABSOLUTE
    _printf_charcount                        0x00000000   Number         0  stubs.o ABSOLUTE
    _printf_d                                0x00000000   Number         0  stubs.o ABSOLUTE
    _printf_e                                0x00000000   Number         0  stubs.o ABSOLUTE
    _printf_f                                0x00000000   Number         0  stubs.o ABSOLUTE
    _printf_flags                            0x00000000   Number         0  stubs.o ABSOLUTE
    _printf_fp_dec                           0x00000000   Number         0  stubs.o ABSOLUTE
    _printf_fp_hex                           0x00000000   Number         0  stubs.o ABSOLUTE
    _printf_g                                0x00000000   Number         0  stubs.o ABSOLUTE
    _printf_i                                0x00000000   Number         0  stubs.o ABSOLUTE
    _printf_int_dec                          0x00000000   Number         0  stubs.o ABSOLUTE
    _printf_l                                0x00000000   Number         0  stubs.o ABSOLUTE
    _printf_lc                               0x00000000   Number         0  stubs.o ABSOLUTE
    _printf_ll                               0x00000000   Number         0  stubs.o ABSOLUTE
    _printf_lld                              0x00000000   Number         0  stubs.o ABSOLUTE
    _printf_lli                              0x00000000   Number         0  stubs.o ABSOLUTE
    _printf_llo                              0x00000000   Number         0  stubs.o ABSOLUTE
    _printf_llu                              0x00000000   Number         0  stubs.o ABSOLUTE
    _printf_llx                              0x00000000   Number         0  stubs.o ABSOLUTE
    _printf_longlong_dec                     0x00000000   Number         0  stubs.o ABSOLUTE
    _printf_longlong_hex                     0x00000000   Number         0  stubs.o ABSOLUTE
    _printf_longlong_oct                     0x00000000   Number         0  stubs.o ABSOLUTE
    _printf_ls                               0x00000000   Number         0  stubs.o ABSOLUTE
    _printf_mbtowc                           0x00000000   Number         0  stubs.o ABSOLUTE
    _printf_n                                0x00000000   Number         0  stubs.o ABSOLUTE
    _printf_o                                0x00000000   Number         0  stubs.o ABSOLUTE
    _printf_p                                0x00000000   Number         0  stubs.o ABSOLUTE
    _printf_percent                          0x00000000   Number         0  stubs.o ABSOLUTE
    _printf_pre_padding                      0x00000000   Number         0  stubs.o ABSOLUTE
    _printf_return_value                     0x00000000   Number         0  stubs.o ABSOLUTE
    _printf_s                                0x00000000   Number         0  stubs.o ABSOLUTE
    _printf_sizespec                         0x00000000   Number         0  stubs.o ABSOLUTE
    _printf_str                              0x00000000   Number         0  stubs.o ABSOLUTE
    _printf_truncate_signed                  0x00000000   Number         0  stubs.o ABSOLUTE
    _printf_truncate_unsigned                0x00000000   Number         0  stubs.o ABSOLUTE
    _printf_u                                0x00000000   Number         0  stubs.o ABSOLUTE
    _printf_wc                               0x00000000   Number         0  stubs.o ABSOLUTE
    _printf_wctomb                           0x00000000   Number         0  stubs.o ABSOLUTE
    _printf_widthprec                        0x00000000   Number         0  stubs.o ABSOLUTE
    _printf_x                                0x00000000   Number         0  stubs.o ABSOLUTE
    __cpp_initialize__aeabi_                  - Undefined Weak Reference
    __cxa_finalize                            - Undefined Weak Reference
    __decompress                              - Undefined Weak Reference
    _clock_init                               - Undefined Weak Reference
    _microlib_exit                            - Undefined Weak Reference
    __Vectors_Size                           0x00000130   Number         0  startup_stm32f10x_xl.o ABSOLUTE
    __Vectors                                0x08000000   Data           4  startup_stm32f10x_xl.o(RESET)
    __Vectors_End                            0x08000130   Data           0  startup_stm32f10x_xl.o(RESET)
    __main                                   0x08000131   Thumb Code     0  entry.o(.ARM.Collect$$$$00000000)
    _main_stk                                0x08000131   Thumb Code     0  entry2.o(.ARM.Collect$$$$00000001)
    _main_scatterload                        0x08000135   Thumb Code     0  entry5.o(.ARM.Collect$$$$00000004)
    __main_after_scatterload                 0x08000139   Thumb Code     0  entry5.o(.ARM.Collect$$$$00000004)
    _main_clock                              0x08000139   Thumb Code     0  entry7b.o(.ARM.Collect$$$$00000008)
    _main_cpp_init                           0x08000139   Thumb Code     0  entry8b.o(.ARM.Collect$$$$0000000A)
    _main_init                               0x08000139   Thumb Code     0  entry9a.o(.ARM.Collect$$$$0000000B)
    __rt_final_cpp                           0x08000141   Thumb Code     0  entry10a.o(.ARM.Collect$$$$0000000D)
    __rt_final_exit                          0x08000141   Thumb Code     0  entry11a.o(.ARM.Collect$$$$0000000F)
    Reset_Handler                            0x08000145   Thumb Code     8  startup_stm32f10x_xl.o(.text)
    NMI_Handler                              0x0800014d   Thumb Code     2  startup_stm32f10x_xl.o(.text)
    HardFault_Handler                        0x0800014f   Thumb Code     2  startup_stm32f10x_xl.o(.text)
    MemManage_Handler                        0x08000151   Thumb Code     2  startup_stm32f10x_xl.o(.text)
    BusFault_Handler                         0x08000153   Thumb Code     2  startup_stm32f10x_xl.o(.text)
    UsageFault_Handler                       0x08000155   Thumb Code     2  startup_stm32f10x_xl.o(.text)
    SVC_Handler                              0x08000157   Thumb Code     2  startup_stm32f10x_xl.o(.text)
    DebugMon_Handler                         0x08000159   Thumb Code     2  startup_stm32f10x_xl.o(.text)
    PendSV_Handler                           0x0800015b   Thumb Code     2  startup_stm32f10x_xl.o(.text)
    SysTick_Handler                          0x0800015d   Thumb Code     2  startup_stm32f10x_xl.o(.text)
    ADC1_2_IRQHandler                        0x0800015f   Thumb Code     0  startup_stm32f10x_xl.o(.text)
    ADC3_IRQHandler                          0x0800015f   Thumb Code     0  startup_stm32f10x_xl.o(.text)
    CAN1_RX1_IRQHandler                      0x0800015f   Thumb Code     0  startup_stm32f10x_xl.o(.text)
    CAN1_SCE_IRQHandler                      0x0800015f   Thumb Code     0  startup_stm32f10x_xl.o(.text)
    DMA1_Channel1_IRQHandler                 0x0800015f   Thumb Code     0  startup_stm32f10x_xl.o(.text)
    DMA1_Channel2_IRQHandler                 0x0800015f   Thumb Code     0  startup_stm32f10x_xl.o(.text)
    DMA1_Channel3_IRQHandler                 0x0800015f   Thumb Code     0  startup_stm32f10x_xl.o(.text)
    DMA1_Channel4_IRQHandler                 0x0800015f   Thumb Code     0  startup_stm32f10x_xl.o(.text)
    DMA1_Channel5_IRQHandler                 0x0800015f   Thumb Code     0  startup_stm32f10x_xl.o(.text)
    DMA1_Channel6_IRQHandler                 0x0800015f   Thumb Code     0  startup_stm32f10x_xl.o(.text)
    DMA1_Channel7_IRQHandler                 0x0800015f   Thumb Code     0  startup_stm32f10x_xl.o(.text)
    DMA2_Channel1_IRQHandler                 0x0800015f   Thumb Code     0  startup_stm32f10x_xl.o(.text)
    DMA2_Channel2_IRQHandler                 0x0800015f   Thumb Code     0  startup_stm32f10x_xl.o(.text)
    DMA2_Channel3_IRQHandler                 0x0800015f   Thumb Code     0  startup_stm32f10x_xl.o(.text)
    DMA2_Channel4_5_IRQHandler               0x0800015f   Thumb Code     0  startup_stm32f10x_xl.o(.text)
    EXTI0_IRQHandler                         0x0800015f   Thumb Code     0  startup_stm32f10x_xl.o(.text)
    EXTI15_10_IRQHandler                     0x0800015f   Thumb Code     0  startup_stm32f10x_xl.o(.text)
    EXTI1_IRQHandler                         0x0800015f   Thumb Code     0  startup_stm32f10x_xl.o(.text)
    EXTI2_IRQHandler                         0x0800015f   Thumb Code     0  startup_stm32f10x_xl.o(.text)
    EXTI3_IRQHandler                         0x0800015f   Thumb Code     0  startup_stm32f10x_xl.o(.text)
    EXTI4_IRQHandler                         0x0800015f   Thumb Code     0  startup_stm32f10x_xl.o(.text)
    FLASH_IRQHandler                         0x0800015f   Thumb Code     0  startup_stm32f10x_xl.o(.text)
    FSMC_IRQHandler                          0x0800015f   Thumb Code     0  startup_stm32f10x_xl.o(.text)
    I2C1_ER_IRQHandler                       0x0800015f   Thumb Code     0  startup_stm32f10x_xl.o(.text)
    I2C1_EV_IRQHandler                       0x0800015f   Thumb Code     0  startup_stm32f10x_xl.o(.text)
    I2C2_ER_IRQHandler                       0x0800015f   Thumb Code     0  startup_stm32f10x_xl.o(.text)
    I2C2_EV_IRQHandler                       0x0800015f   Thumb Code     0  startup_stm32f10x_xl.o(.text)
    PVD_IRQHandler                           0x0800015f   Thumb Code     0  startup_stm32f10x_xl.o(.text)
    RCC_IRQHandler                           0x0800015f   Thumb Code     0  startup_stm32f10x_xl.o(.text)
    RTCAlarm_IRQHandler                      0x0800015f   Thumb Code     0  startup_stm32f10x_xl.o(.text)
    RTC_IRQHandler                           0x0800015f   Thumb Code     0  startup_stm32f10x_xl.o(.text)
    SDIO_IRQHandler                          0x0800015f   Thumb Code     0  startup_stm32f10x_xl.o(.text)
    SPI1_IRQHandler                          0x0800015f   Thumb Code     0  startup_stm32f10x_xl.o(.text)
    SPI2_IRQHandler                          0x0800015f   Thumb Code     0  startup_stm32f10x_xl.o(.text)
    SPI3_IRQHandler                          0x0800015f   Thumb Code     0  startup_stm32f10x_xl.o(.text)
    TAMPER_IRQHandler                        0x0800015f   Thumb Code     0  startup_stm32f10x_xl.o(.text)
    TIM1_BRK_TIM9_IRQHandler                 0x0800015f   Thumb Code     0  startup_stm32f10x_xl.o(.text)
    TIM1_CC_IRQHandler                       0x0800015f   Thumb Code     0  startup_stm32f10x_xl.o(.text)
    TIM1_TRG_COM_TIM11_IRQHandler            0x0800015f   Thumb Code     0  startup_stm32f10x_xl.o(.text)
    TIM3_IRQHandler                          0x0800015f   Thumb Code     0  startup_stm32f10x_xl.o(.text)
    TIM4_IRQHandler                          0x0800015f   Thumb Code     0  startup_stm32f10x_xl.o(.text)
    TIM5_IRQHandler                          0x0800015f   Thumb Code     0  startup_stm32f10x_xl.o(.text)
    TIM6_IRQHandler                          0x0800015f   Thumb Code     0  startup_stm32f10x_xl.o(.text)
    TIM7_IRQHandler                          0x0800015f   Thumb Code     0  startup_stm32f10x_xl.o(.text)
    TIM8_BRK_TIM12_IRQHandler                0x0800015f   Thumb Code     0  startup_stm32f10x_xl.o(.text)
    TIM8_CC_IRQHandler                       0x0800015f   Thumb Code     0  startup_stm32f10x_xl.o(.text)
    TIM8_TRG_COM_TIM14_IRQHandler            0x0800015f   Thumb Code     0  startup_stm32f10x_xl.o(.text)
    UART4_IRQHandler                         0x0800015f   Thumb Code     0  startup_stm32f10x_xl.o(.text)
    UART5_IRQHandler                         0x0800015f   Thumb Code     0  startup_stm32f10x_xl.o(.text)
    USART1_IRQHandler                        0x0800015f   Thumb Code     0  startup_stm32f10x_xl.o(.text)
    USART2_IRQHandler                        0x0800015f   Thumb Code     0  startup_stm32f10x_xl.o(.text)
    USART3_IRQHandler                        0x0800015f   Thumb Code     0  startup_stm32f10x_xl.o(.text)
    USBWakeUp_IRQHandler                     0x0800015f   Thumb Code     0  startup_stm32f10x_xl.o(.text)
    USB_HP_CAN1_TX_IRQHandler                0x0800015f   Thumb Code     0  startup_stm32f10x_xl.o(.text)
    USB_LP_CAN1_RX0_IRQHandler               0x0800015f   Thumb Code     0  startup_stm32f10x_xl.o(.text)
    WWDG_IRQHandler                          0x0800015f   Thumb Code     0  startup_stm32f10x_xl.o(.text)
    rand                                     0x08000169   Thumb Code    20  rand.o(.text)
    srand                                    0x0800017d   Thumb Code     6  rand.o(.text)
    __aeabi_uidiv                            0x0800018d   Thumb Code     0  uidiv.o(.text)
    __aeabi_uidivmod                         0x0800018d   Thumb Code    44  uidiv.o(.text)
    __scatterload                            0x080001b9   Thumb Code    28  init.o(.text)
    __scatterload_rt2                        0x080001b9   Thumb Code     0  init.o(.text)
    EXTI9_5_IRQHandler                       0x080001dd   Thumb Code    30  gpio.o(i.EXTI9_5_IRQHandler)
    GLCD_ClearScreen                         0x08000201   Thumb Code    54  glcd_mcbstm32e.o(i.GLCD_ClearScreen)
    GLCD_DrawBargraph                        0x0800023d   Thumb Code   102  glcd_mcbstm32e.o(i.GLCD_DrawBargraph)
    GLCD_DrawBitmap                          0x080002ad   Thumb Code    84  glcd_mcbstm32e.o(i.GLCD_DrawBitmap)
    GLCD_DrawChar                            0x08000301   Thumb Code   194  glcd_mcbstm32e.o(i.GLCD_DrawChar)
    GLCD_DrawString                          0x080003d1   Thumb Code    38  glcd_mcbstm32e.o(i.GLCD_DrawString)
    GLCD_Initialize                          0x080003fd   Thumb Code  1582  glcd_mcbstm32e.o(i.GLCD_Initialize)
    GLCD_SetBackgroundColor                  0x08000a31   Thumb Code    10  glcd_mcbstm32e.o(i.GLCD_SetBackgroundColor)
    GLCD_SetFont                             0x08000a41   Thumb Code    10  glcd_mcbstm32e.o(i.GLCD_SetFont)
    GLCD_SetForegroundColor                  0x08000a51   Thumb Code    10  glcd_mcbstm32e.o(i.GLCD_SetForegroundColor)
    SystemInit                               0x08000bf5   Thumb Code    78  system_stm32f10x.o(i.SystemInit)
    TIM1_UP_TIM10_IRQHandler                 0x08000c55   Thumb Code    30  timers.o(i.TIM1_UP_TIM10_IRQHandler)
    TIM2_IRQHandler                          0x08000c79   Thumb Code    36  timers.o(i.TIM2_IRQHandler)
    TIM8_UP_TIM13_IRQHandler                 0x08000c9d   Thumb Code    30  timers.o(i.TIM8_UP_TIM13_IRQHandler)
    __0sprintf$1                             0x08000cc1   Thumb Code    34  printf1.o(i.__0sprintf$1)
    __1sprintf$1                             0x08000cc1   Thumb Code     0  printf1.o(i.__0sprintf$1)
    __2sprintf                               0x08000cc1   Thumb Code     0  printf1.o(i.__0sprintf$1)
    __scatterload_copy                       0x08000ce9   Thumb Code    14  handlers.o(i.__scatterload_copy)
    __scatterload_null                       0x08000cf7   Thumb Code     2  handlers.o(i.__scatterload_null)
    __scatterload_zeroinit                   0x08000cf9   Thumb Code    14  handlers.o(i.__scatterload_zeroinit)
    clearScreenGLCD                          0x08000e67   Thumb Code    14  glcd.o(i.clearScreenGLCD)
    clearZone                                0x08000e75   Thumb Code    36  glcd.o(i.clearZone)
    configTimer1                             0x08000e99   Thumb Code    66  timers.o(i.configTimer1)
    configTimer2                             0x08000ee9   Thumb Code    50  timers.o(i.configTimer2)
    configTimer8                             0x08000f25   Thumb Code    66  timers.o(i.configTimer8)
    displayGameLosed                         0x08000fa1   Thumb Code    74  menu.o(i.displayGameLosed)
    displayGameWon                           0x08001011   Thumb Code    36  menu.o(i.displayGameWon)
    displayLevelName                         0x08001041   Thumb Code    98  game.o(i.displayLevelName)
    displayLogo                              0x080010d5   Thumb Code    82  menu.o(i.displayLogo)
    displayMenu                              0x0800114d   Thumb Code    94  menu.o(i.displayMenu)
    displayScore                             0x080011bd   Thumb Code    44  game.o(i.displayScore)
    getRandom                                0x080011f5   Thumb Code    24  random.o(i.getRandom)
    getTimer3Value                           0x0800120d   Thumb Code     6  timers.o(i.getTimer3Value)
    initGLCD                                 0x08001219   Thumb Code    12  glcd.o(i.initGLCD)
    initGPIO                                 0x08001225   Thumb Code   134  gpio.o(i.initGPIO)
    initRandom                               0x080012b9   Thumb Code     8  random.o(i.initRandom)
    initTIMERS                               0x080012c1   Thumb Code    16  timers.o(i.initTIMERS)
    initTimer3                               0x080012d1   Thumb Code    44  timers.o(i.initTimer3)
    joytickDownPressed                       0x08001305   Thumb Code    12  gpio.o(i.joytickDownPressed)
    joytickLeftPressed                       0x08001315   Thumb Code    12  gpio.o(i.joytickLeftPressed)
    joytickRightPressed                      0x08001325   Thumb Code    12  gpio.o(i.joytickRightPressed)
    joytickSelectPressed                     0x08001335   Thumb Code    12  gpio.o(i.joytickSelectPressed)
    joytickUpPressed                         0x08001345   Thumb Code    12  gpio.o(i.joytickUpPressed)
    main                                     0x08001355   Thumb Code   158  main.o(i.main)
    refreshMenu                              0x08001411   Thumb Code    76  menu.o(i.refreshMenu)
    setRandom                                0x08001461   Thumb Code    14  random.o(i.setRandom)
    setSpeedTimer8                           0x08001471   Thumb Code    46  timers.o(i.setSpeedTimer8)
    setupLevel                               0x080014a5   Thumb Code   510  game.o(i.setupLevel)
    shoot                                    0x080016c1   Thumb Code    30  game.o(i.shoot)
    startInterruptBP_USER                    0x080016f1   Thumb Code    66  gpio.o(i.startInterruptBP_USER)
    startLevel                               0x08001741   Thumb Code    32  game.o(i.startLevel)
    startTimer1                              0x08001761   Thumb Code    14  timers.o(i.startTimer1)
    startTimer2                              0x08001775   Thumb Code    18  timers.o(i.startTimer2)
    startTimer8                              0x08001789   Thumb Code    14  timers.o(i.startTimer8)
    stopInterruptBP_USER                     0x0800179d   Thumb Code    14  gpio.o(i.stopInterruptBP_USER)
    stopLevel                                0x080017b1   Thumb Code    20  game.o(i.stopLevel)
    stopTimer1                               0x080017c5   Thumb Code    14  timers.o(i.stopTimer1)
    stopTimer2                               0x080017d9   Thumb Code    18  timers.o(i.stopTimer2)
    stopTimer8                               0x080017ed   Thumb Code    14  timers.o(i.stopTimer8)
    updateEnnemis                            0x08001801   Thumb Code  1076  game.o(i.updateEnnemis)
    updateRocket                             0x08001c35   Thumb Code    94  game.o(i.updateRocket)
    updateSpaceShip                          0x08001ca1   Thumb Code   108  game.o(i.updateSpaceShip)
    userButtonPressed                        0x08001d15   Thumb Code    12  gpio.o(i.userButtonPressed)
    bmpSpaceShip                             0x08001d50   Data        3840  imagesbmp.o(.constdata)
    bmpEnnemi1                               0x08002c50   Data        1296  imagesbmp.o(.constdata)
    bmpEnnemi2White                          0x08003160   Data        1728  imagesbmp.o(.constdata)
    bmpEnnemi2Red                            0x08003820   Data        1728  imagesbmp.o(.constdata)
    bmpEnnemi3White                          0x08003ee0   Data        1872  imagesbmp.o(.constdata)
    bmpEnnemi3Green                          0x08004630   Data        1872  imagesbmp.o(.constdata)
    bmpEnnemi3Red                            0x08004d80   Data        1872  imagesbmp.o(.constdata)
    bmpBoss                                  0x080054d0   Data        4352  imagesbmp.o(.constdata)
    GLCD_Font_6x8                            0x08007e50   Data          16  glcd_fonts.o(.constdata)
    GLCD_Font_16x24                          0x08007e60   Data          16  glcd_fonts.o(.constdata)
    Region$$Table$$Base                      0x08007e70   Number         0  anon$$obj.o(Region$$Table)
    Region$$Table$$Limit                     0x08007e90   Number         0  anon$$obj.o(Region$$Table)
    gameLosed                                0x20000000   Data           4  main.o(.data)
    gameWon                                  0x20000004   Data           4  main.o(.data)
    levelPassed                              0x20000008   Data           4  main.o(.data)
    level                                    0x2000000c   Data           4  main.o(.data)
    score                                    0x20000010   Data           4  main.o(.data)
    nbEnnemis                                0x20000028   Data           4  game.o(.data)
    nbDeadEnnemis                            0x2000002c   Data           4  game.o(.data)
    SystemCoreClock                          0x2000003c   Data           4  system_stm32f10x.o(.data)
    AHBPrescTable                            0x20000040   Data          16  system_stm32f10x.o(.data)
    ennemis                                  0x20000054   Data         960  game.o(.bss)
    __initial_sp                             0x20000818   Data           0  startup_stm32f10x_xl.o(STACK)



==============================================================================

Memory Map of the image

  Image Entry point : 0x08000145

  Load Region LR_1 (Base: 0x08000000, Size: 0x00007ee4, Max: 0xffffffff, ABSOLUTE)

    Execution Region ER_RO (Exec base: 0x08000000, Load base: 0x08000000, Size: 0x00007e90, Max: 0xffffffff, ABSOLUTE)

    Exec Addr    Load Addr    Size         Type   Attr      Idx    E Section Name        Object

    0x08000000   0x08000000   0x00000130   Data   RO         1079    RESET               startup_stm32f10x_xl.o
    0x08000130   0x08000130   0x00000000   Code   RO         1130  * .ARM.Collect$$$$00000000  mc_w.l(entry.o)
    0x08000130   0x08000130   0x00000004   Code   RO         1397    .ARM.Collect$$$$00000001  mc_w.l(entry2.o)
    0x08000134   0x08000134   0x00000004   Code   RO         1400    .ARM.Collect$$$$00000004  mc_w.l(entry5.o)
    0x08000138   0x08000138   0x00000000   Code   RO         1402    .ARM.Collect$$$$00000008  mc_w.l(entry7b.o)
    0x08000138   0x08000138   0x00000000   Code   RO         1404    .ARM.Collect$$$$0000000A  mc_w.l(entry8b.o)
    0x08000138   0x08000138   0x00000008   Code   RO         1405    .ARM.Collect$$$$0000000B  mc_w.l(entry9a.o)
    0x08000140   0x08000140   0x00000000   Code   RO         1407    .ARM.Collect$$$$0000000D  mc_w.l(entry10a.o)
    0x08000140   0x08000140   0x00000000   Code   RO         1409    .ARM.Collect$$$$0000000F  mc_w.l(entry11a.o)
    0x08000140   0x08000140   0x00000004   Code   RO         1398    .ARM.Collect$$$$00002712  mc_w.l(entry2.o)
    0x08000144   0x08000144   0x00000024   Code   RO         1080  * .text               startup_stm32f10x_xl.o
    0x08000168   0x08000168   0x00000024   Code   RO         1133    .text               mc_w.l(rand.o)
    0x0800018c   0x0800018c   0x0000002c   Code   RO         1414    .text               mc_w.l(uidiv.o)
    0x080001b8   0x080001b8   0x00000024   Code   RO         1429    .text               mc_w.l(init.o)
    0x080001dc   0x080001dc   0x00000024   Code   RO          272    i.EXTI9_5_IRQHandler  gpio.o
    0x08000200   0x08000200   0x0000003c   Code   RO          515    i.GLCD_ClearScreen  glcd_mcbstm32e.o
    0x0800023c   0x0800023c   0x00000070   Code   RO          516    i.GLCD_DrawBargraph  glcd_mcbstm32e.o
    0x080002ac   0x080002ac   0x00000054   Code   RO          517    i.GLCD_DrawBitmap   glcd_mcbstm32e.o
    0x08000300   0x08000300   0x000000d0   Code   RO          518    i.GLCD_DrawChar     glcd_mcbstm32e.o
    0x080003d0   0x080003d0   0x0000002c   Code   RO          522    i.GLCD_DrawString   glcd_mcbstm32e.o
    0x080003fc   0x080003fc   0x00000634   Code   RO          526    i.GLCD_Initialize   glcd_mcbstm32e.o
    0x08000a30   0x08000a30   0x00000010   Code   RO          528    i.GLCD_SetBackgroundColor  glcd_mcbstm32e.o
    0x08000a40   0x08000a40   0x00000010   Code   RO          529    i.GLCD_SetFont      glcd_mcbstm32e.o
    0x08000a50   0x08000a50   0x00000010   Code   RO          530    i.GLCD_SetForegroundColor  glcd_mcbstm32e.o
    0x08000a60   0x08000a60   0x000000ac   Code   RO          531    i.GLCD_SetWindow    glcd_mcbstm32e.o
    0x08000b0c   0x08000b0c   0x00000008   Code   RO         1087    i.SetSysClock       system_stm32f10x.o
    0x08000b14   0x08000b14   0x000000e0   Code   RO         1088    i.SetSysClockTo72   system_stm32f10x.o
    0x08000bf4   0x08000bf4   0x00000060   Code   RO         1090    i.SystemInit        system_stm32f10x.o
    0x08000c54   0x08000c54   0x00000024   Code   RO          353    i.TIM1_UP_TIM10_IRQHandler  timers.o
    0x08000c78   0x08000c78   0x00000024   Code   RO          354    i.TIM2_IRQHandler   timers.o
    0x08000c9c   0x08000c9c   0x00000024   Code   RO          355    i.TIM8_UP_TIM13_IRQHandler  timers.o
    0x08000cc0   0x08000cc0   0x00000028   Code   RO         1183    i.__0sprintf$1      mc_w.l(printf1.o)
    0x08000ce8   0x08000ce8   0x0000000e   Code   RO         1443    i.__scatterload_copy  mc_w.l(handlers.o)
    0x08000cf6   0x08000cf6   0x00000002   Code   RO         1444    i.__scatterload_null  mc_w.l(handlers.o)
    0x08000cf8   0x08000cf8   0x0000000e   Code   RO         1445    i.__scatterload_zeroinit  mc_w.l(handlers.o)
    0x08000d06   0x08000d06   0x00000002   PAD
    0x08000d08   0x08000d08   0x00000154   Code   RO         1188    i._printf_core      mc_w.l(printf1.o)
    0x08000e5c   0x08000e5c   0x0000000a   Code   RO         1190    i._sputc            mc_w.l(printf1.o)
    0x08000e66   0x08000e66   0x0000000e   Code   RO          467    i.clearScreenGLCD   glcd.o
    0x08000e74   0x08000e74   0x00000024   Code   RO          468    i.clearZone         glcd.o
    0x08000e98   0x08000e98   0x00000050   Code   RO          356    i.configTimer1      timers.o
    0x08000ee8   0x08000ee8   0x0000003c   Code   RO          357    i.configTimer2      timers.o
    0x08000f24   0x08000f24   0x00000050   Code   RO          358    i.configTimer8      timers.o
    0x08000f74   0x08000f74   0x0000002c   Code   RO          534    i.delay_ms          glcd_mcbstm32e.o
    0x08000fa0   0x08000fa0   0x00000070   Code   RO           90    i.displayGameLosed  menu.o
    0x08001010   0x08001010   0x00000030   Code   RO           91    i.displayGameWon    menu.o
    0x08001040   0x08001040   0x00000094   Code   RO          157    i.displayLevelName  game.o
    0x080010d4   0x080010d4   0x00000078   Code   RO           92    i.displayLogo       menu.o
    0x0800114c   0x0800114c   0x00000070   Code   RO           93    i.displayMenu       menu.o
    0x080011bc   0x080011bc   0x00000038   Code   RO          158    i.displayScore      game.o
    0x080011f4   0x080011f4   0x00000018   Code   RO          242    i.getRandom         random.o
    0x0800120c   0x0800120c   0x0000000c   Code   RO          359    i.getTimer3Value    timers.o
    0x08001218   0x08001218   0x0000000c   Code   RO          469    i.initGLCD          glcd.o
    0x08001224   0x08001224   0x00000094   Code   RO          273    i.initGPIO          gpio.o
    0x080012b8   0x080012b8   0x00000008   Code   RO          243    i.initRandom        random.o
    0x080012c0   0x080012c0   0x00000010   Code   RO          360    i.initTIMERS        timers.o
    0x080012d0   0x080012d0   0x00000034   Code   RO          361    i.initTimer3        timers.o
    0x08001304   0x08001304   0x00000010   Code   RO          274    i.joytickDownPressed  gpio.o
    0x08001314   0x08001314   0x00000010   Code   RO          275    i.joytickLeftPressed  gpio.o
    0x08001324   0x08001324   0x00000010   Code   RO          276    i.joytickRightPressed  gpio.o
    0x08001334   0x08001334   0x00000010   Code   RO          277    i.joytickSelectPressed  gpio.o
    0x08001344   0x08001344   0x00000010   Code   RO          278    i.joytickUpPressed  gpio.o
    0x08001354   0x08001354   0x000000b4   Code   RO            4    i.main              main.o
    0x08001408   0x08001408   0x00000008   Code   RO          535    i.rd_dat            glcd_mcbstm32e.o
    0x08001410   0x08001410   0x00000050   Code   RO           94    i.refreshMenu       menu.o
    0x08001460   0x08001460   0x0000000e   Code   RO          244    i.setRandom         random.o
    0x0800146e   0x0800146e   0x00000002   PAD
    0x08001470   0x08001470   0x00000034   Code   RO          362    i.setSpeedTimer8    timers.o
    0x080014a4   0x080014a4   0x0000021c   Code   RO          159    i.setupLevel        game.o
    0x080016c0   0x080016c0   0x00000030   Code   RO          160    i.shoot             game.o
    0x080016f0   0x080016f0   0x00000050   Code   RO          279    i.startInterruptBP_USER  gpio.o
    0x08001740   0x08001740   0x00000020   Code   RO          161    i.startLevel        game.o
    0x08001760   0x08001760   0x00000014   Code   RO          363    i.startTimer1       timers.o
    0x08001774   0x08001774   0x00000012   Code   RO          364    i.startTimer2       timers.o
    0x08001786   0x08001786   0x00000002   PAD
    0x08001788   0x08001788   0x00000014   Code   RO          365    i.startTimer8       timers.o
    0x0800179c   0x0800179c   0x00000014   Code   RO          280    i.stopInterruptBP_USER  gpio.o
    0x080017b0   0x080017b0   0x00000014   Code   RO          162    i.stopLevel         game.o
    0x080017c4   0x080017c4   0x00000014   Code   RO          366    i.stopTimer1        timers.o
    0x080017d8   0x080017d8   0x00000012   Code   RO          367    i.stopTimer2        timers.o
    0x080017ea   0x080017ea   0x00000002   PAD
    0x080017ec   0x080017ec   0x00000014   Code   RO          368    i.stopTimer8        timers.o
    0x08001800   0x08001800   0x00000434   Code   RO          163    i.updateEnnemis     game.o
    0x08001c34   0x08001c34   0x0000006c   Code   RO          164    i.updateRocket      game.o
    0x08001ca0   0x08001ca0   0x00000074   Code   RO          165    i.updateSpaceShip   game.o
    0x08001d14   0x08001d14   0x00000010   Code   RO          281    i.userButtonPressed  gpio.o
    0x08001d24   0x08001d24   0x00000008   Code   RO          536    i.wr_cmd            glcd_mcbstm32e.o
    0x08001d2c   0x08001d2c   0x00000008   Code   RO          537    i.wr_dat            glcd_mcbstm32e.o
    0x08001d34   0x08001d34   0x00000008   Code   RO          538    i.wr_dat_only       glcd_mcbstm32e.o
    0x08001d3c   0x08001d3c   0x00000014   Code   RO          539    i.wr_reg            glcd_mcbstm32e.o
    0x08001d50   0x08001d50   0x00004880   Data   RO          230    .constdata          imagesbmp.o
    0x080065d0   0x080065d0   0x000018a0   Data   RO          500    .constdata          glcd_fonts.o
    0x08007e70   0x08007e70   0x00000020   Data   RO         1441    Region$$Table       anon$$obj.o


    Execution Region ER_RW (Exec base: 0x20000000, Load base: 0x08007e90, Size: 0x00000054, Max: 0xffffffff, ABSOLUTE)

    Exec Addr    Load Addr    Size         Type   Attr      Idx    E Section Name        Object

    0x20000000   0x08007e90   0x00000014   Data   RW            5    .data               main.o
    0x20000014   0x08007ea4   0x00000001   Data   RW           95    .data               menu.o
    0x20000015   0x08007ea5   0x00000003   PAD
    0x20000018   0x08007ea8   0x00000018   Data   RW          167    .data               game.o
    0x20000030   0x08007ec0   0x00000009   Data   RW          540    .data               glcd_mcbstm32e.o
    0x20000039   0x08007ec9   0x00000003   PAD
    0x2000003c   0x08007ecc   0x00000014   Data   RW         1091    .data               system_stm32f10x.o
    0x20000050   0x08007ee0   0x00000004   Data   RW         1134    .data               mc_w.l(rand.o)


    Execution Region ER_ZI (Exec base: 0x20000054, Load base: 0x08007ee4, Size: 0x000007c4, Max: 0xffffffff, ABSOLUTE)

    Exec Addr    Load Addr    Size         Type   Attr      Idx    E Section Name        Object

    0x20000054        -       0x000003c0   Zero   RW          166    .bss                game.o
    0x20000414   0x08007ee4   0x00000004   PAD
    0x20000418        -       0x00000400   Zero   RW         1077    STACK               startup_stm32f10x_xl.o


==============================================================================

Image component sizes


      Code (inc. data)   RO Data    RW Data    ZI Data      Debug   Object Name

      2144        214          0         24        960       5447   game.o
        62          0          0          0          0       1397   glcd.o
         0          0       6304          0          0        948   glcd_fonts.o
      2412        114          0          9          0      10380   glcd_mcbstm32e.o
       380         64          0          0          0       4261   gpio.o
         0          0      18560          0          0        886   imagesbmp.o
       180         22          0         20          0       6407   main.o
       472        110          0          1          0       2382   menu.o
        46          0          0          0          0       1317   random.o
        36          8        304          0       1024        788   startup_stm32f10x_xl.o
       328         28          0         20          0       2145   system_stm32f10x.o
       576         94          0          0          0       6546   timers.o

    ----------------------------------------------------------------------
      6642        654      25200         80       1988      42904   Object Totals
         0          0         32          0          0          0   (incl. Generated)
         6          0          0          6          4          0   (incl. Padding)

    ----------------------------------------------------------------------

      Code (inc. data)   RO Data    RW Data    ZI Data      Debug   Library Member Name

         0          0          0          0          0          0   entry.o
         0          0          0          0          0          0   entry10a.o
         0          0          0          0          0          0   entry11a.o
         8          4          0          0          0          0   entry2.o
         4          0          0          0          0          0   entry5.o
         0          0          0          0          0          0   entry7b.o
         0          0          0          0          0          0   entry8b.o
         8          4          0          0          0          0   entry9a.o
        30          0          0          0          0          0   handlers.o
        36          8          0          0          0         68   init.o
       390         10          0          0          0        252   printf1.o
        36         10          0          4          0        136   rand.o
        44          0          0          0          0         80   uidiv.o

    ----------------------------------------------------------------------
       558         36          0          4          0        536   Library Totals
         2          0          0          0          0          0   (incl. Padding)

    ----------------------------------------------------------------------

      Code (inc. data)   RO Data    RW Data    ZI Data      Debug   Library Name

       556         36          0          4          0        536   mc_w.l

    ----------------------------------------------------------------------
       558         36          0          4          0        536   Library Totals

    ----------------------------------------------------------------------

==============================================================================


      Code (inc. data)   RO Data    RW Data    ZI Data      Debug   

      7200        690      25200         84       1988      40212   Grand Totals
      7200        690      25200         84       1988      40212   ELF Image Totals
      7200        690      25200         84          0          0   ROM Totals

==============================================================================

    Total RO  Size (Code + RO Data)                32400 (  31.64kB)
    Total RW  Size (RW Data + ZI Data)              2072 (   2.02kB)
    Total ROM Size (Code + RO Data + RW Data)      32484 (  31.72kB)

==============================================================================

